Archive member included to satisfy reference by file (symbol)

D:/STM/STM32CubeIDE_1.13.0/STM32CubeIDE/plugins/com.st.stm32cube.ide.mcu.externaltools.gnu-tools-for-stm32.11.3.rel1.win32_1.1.0.202305231506/tools/bin/../lib/gcc/arm-none-eabi/11.3.1/../../../../arm-none-eabi/lib/thumb/v7e-m+fp/hard\libc_nano.a(libc_a-exit.o)
                              D:/STM/STM32CubeIDE_1.13.0/STM32CubeIDE/plugins/com.st.stm32cube.ide.mcu.externaltools.gnu-tools-for-stm32.11.3.rel1.win32_1.1.0.202305231506/tools/bin/../lib/gcc/arm-none-eabi/11.3.1/../../../../arm-none-eabi/lib/thumb/v7e-m+fp/hard/crt0.o (exit)
D:/STM/STM32CubeIDE_1.13.0/STM32CubeIDE/plugins/com.st.stm32cube.ide.mcu.externaltools.gnu-tools-for-stm32.11.3.rel1.win32_1.1.0.202305231506/tools/bin/../lib/gcc/arm-none-eabi/11.3.1/../../../../arm-none-eabi/lib/thumb/v7e-m+fp/hard\libc_nano.a(libc_a-strtol.o)
                              ./Core/Src/main.o (strtol)
D:/STM/STM32CubeIDE_1.13.0/STM32CubeIDE/plugins/com.st.stm32cube.ide.mcu.externaltools.gnu-tools-for-stm32.11.3.rel1.win32_1.1.0.202305231506/tools/bin/../lib/gcc/arm-none-eabi/11.3.1/../../../../arm-none-eabi/lib/thumb/v7e-m+fp/hard\libc_nano.a(libc_a-ctype_.o)
                              D:/STM/STM32CubeIDE_1.13.0/STM32CubeIDE/plugins/com.st.stm32cube.ide.mcu.externaltools.gnu-tools-for-stm32.11.3.rel1.win32_1.1.0.202305231506/tools/bin/../lib/gcc/arm-none-eabi/11.3.1/../../../../arm-none-eabi/lib/thumb/v7e-m+fp/hard\libc_nano.a(libc_a-strtol.o) (_ctype_)
D:/STM/STM32CubeIDE_1.13.0/STM32CubeIDE/plugins/com.st.stm32cube.ide.mcu.externaltools.gnu-tools-for-stm32.11.3.rel1.win32_1.1.0.202305231506/tools/bin/../lib/gcc/arm-none-eabi/11.3.1/../../../../arm-none-eabi/lib/thumb/v7e-m+fp/hard\libc_nano.a(libc_a-findfp.o)
                              D:/STM/STM32CubeIDE_1.13.0/STM32CubeIDE/plugins/com.st.stm32cube.ide.mcu.externaltools.gnu-tools-for-stm32.11.3.rel1.win32_1.1.0.202305231506/tools/bin/../lib/gcc/arm-none-eabi/11.3.1/../../../../arm-none-eabi/lib/thumb/v7e-m+fp/hard\libc_nano.a(libc_a-exit.o) (__stdio_exit_handler)
D:/STM/STM32CubeIDE_1.13.0/STM32CubeIDE/plugins/com.st.stm32cube.ide.mcu.externaltools.gnu-tools-for-stm32.11.3.rel1.win32_1.1.0.202305231506/tools/bin/../lib/gcc/arm-none-eabi/11.3.1/../../../../arm-none-eabi/lib/thumb/v7e-m+fp/hard\libc_nano.a(libc_a-fwalk.o)
                              D:/STM/STM32CubeIDE_1.13.0/STM32CubeIDE/plugins/com.st.stm32cube.ide.mcu.externaltools.gnu-tools-for-stm32.11.3.rel1.win32_1.1.0.202305231506/tools/bin/../lib/gcc/arm-none-eabi/11.3.1/../../../../arm-none-eabi/lib/thumb/v7e-m+fp/hard\libc_nano.a(libc_a-findfp.o) (_fwalk_sglue)
D:/STM/STM32CubeIDE_1.13.0/STM32CubeIDE/plugins/com.st.stm32cube.ide.mcu.externaltools.gnu-tools-for-stm32.11.3.rel1.win32_1.1.0.202305231506/tools/bin/../lib/gcc/arm-none-eabi/11.3.1/../../../../arm-none-eabi/lib/thumb/v7e-m+fp/hard\libc_nano.a(libc_a-printf.o)
                              ./Middlewares/USB_Device_Library/usbd_core.o (printf)
D:/STM/STM32CubeIDE_1.13.0/STM32CubeIDE/plugins/com.st.stm32cube.ide.mcu.externaltools.gnu-tools-for-stm32.11.3.rel1.win32_1.1.0.202305231506/tools/bin/../lib/gcc/arm-none-eabi/11.3.1/../../../../arm-none-eabi/lib/thumb/v7e-m+fp/hard\libc_nano.a(libc_a-putchar.o)
                              ./Middlewares/USB_Device_Library/usbd_core.o (putchar)
D:/STM/STM32CubeIDE_1.13.0/STM32CubeIDE/plugins/com.st.stm32cube.ide.mcu.externaltools.gnu-tools-for-stm32.11.3.rel1.win32_1.1.0.202305231506/tools/bin/../lib/gcc/arm-none-eabi/11.3.1/../../../../arm-none-eabi/lib/thumb/v7e-m+fp/hard\libc_nano.a(libc_a-sprintf.o)
                              ./Core/Src/main.o (sprintf)
D:/STM/STM32CubeIDE_1.13.0/STM32CubeIDE/plugins/com.st.stm32cube.ide.mcu.externaltools.gnu-tools-for-stm32.11.3.rel1.win32_1.1.0.202305231506/tools/bin/../lib/gcc/arm-none-eabi/11.3.1/../../../../arm-none-eabi/lib/thumb/v7e-m+fp/hard\libc_nano.a(libc_a-stdio.o)
                              D:/STM/STM32CubeIDE_1.13.0/STM32CubeIDE/plugins/com.st.stm32cube.ide.mcu.externaltools.gnu-tools-for-stm32.11.3.rel1.win32_1.1.0.202305231506/tools/bin/../lib/gcc/arm-none-eabi/11.3.1/../../../../arm-none-eabi/lib/thumb/v7e-m+fp/hard\libc_nano.a(libc_a-findfp.o) (__sread)
D:/STM/STM32CubeIDE_1.13.0/STM32CubeIDE/plugins/com.st.stm32cube.ide.mcu.externaltools.gnu-tools-for-stm32.11.3.rel1.win32_1.1.0.202305231506/tools/bin/../lib/gcc/arm-none-eabi/11.3.1/../../../../arm-none-eabi/lib/thumb/v7e-m+fp/hard\libc_nano.a(libc_a-memset.o)
                              D:/STM/STM32CubeIDE_1.13.0/STM32CubeIDE/plugins/com.st.stm32cube.ide.mcu.externaltools.gnu-tools-for-stm32.11.3.rel1.win32_1.1.0.202305231506/tools/bin/../lib/gcc/arm-none-eabi/11.3.1/../../../../arm-none-eabi/lib/thumb/v7e-m+fp/hard/crt0.o (memset)
[...]
Memory Configuration

Name             Origin             Length             Attributes
CCMRAM           0x0000000010000000 0x0000000000002000 xrw
RAM              0x0000000020000000 0x000000000000a000 xrw
FLASH            0x0000000008000000 0x0000000000040000 xr
*default*        0x0000000000000000 0xffffffffffffffff

Linker script and memory map

LOAD D:/STM/STM32CubeIDE_1.13.0/STM32CubeIDE/plugins/com.st.stm32cube.ide.mcu.externaltools.gnu-tools-for-stm32.11.3.rel1.win32_1.1.0.202305231506/tools/bin/../lib/gcc/arm-none-eabi/11.3.1/thumb/v7e-m+fp/hard/crti.o
LOAD D:/STM/STM32CubeIDE_1.13.0/STM32CubeIDE/plugins/com.st.stm32cube.ide.mcu.externaltools.gnu-tools-for-stm32.11.3.rel1.win32_1.1.0.202305231506/tools/bin/../lib/gcc/arm-none-eabi/11.3.1/thumb/v7e-m+fp/hard/crtbegin.o
LOAD D:/STM/STM32CubeIDE_1.13.0/STM32CubeIDE/plugins/com.st.stm32cube.ide.mcu.externaltools.gnu-tools-for-stm32.11.3.rel1.win32_1.1.0.202305231506/tools/bin/../lib/gcc/arm-none-eabi/11.3.1/../../../../arm-none-eabi/lib/thumb/v7e-m+fp/hard/crt0.o
LOAD ./Core/Src/main.o
LOAD ./Core/Src/stm32f3xx_hal_msp.o
LOAD ./Core/Src/stm32f3xx_it.o
LOAD ./Core/Src/syscalls.o
LOAD ./Core/Src/sysmem.o
LOAD ./Core/Src/system_stm32f3xx.o
LOAD ./Core/Startup/startup_stm32f303cctx.o
LOAD ./Drivers/STM32F3xx_HAL_Driver/stm32f3xx_hal.o
LOAD ./Drivers/STM32F3xx_HAL_Driver/stm32f3xx_hal_can.o
LOAD ./Drivers/STM32F3xx_HAL_Driver/stm32f3xx_hal_cortex.o
LOAD ./Drivers/STM32F3xx_HAL_Driver/stm32f3xx_hal_dma.o
LOAD ./Drivers/STM32F3xx_HAL_Driver/stm32f3xx_hal_exti.o
LOAD ./Drivers/STM32F3xx_HAL_Driver/stm32f3xx_hal_flash.o
LOAD ./Drivers/STM32F3xx_HAL_Driver/stm32f3xx_hal_flash_ex.o
LOAD ./Drivers/STM32F3xx_HAL_Driver/stm32f3xx_hal_gpio.o
LOAD ./Drivers/STM32F3xx_HAL_Driver/stm32f3xx_hal_i2c.o
LOAD ./Drivers/STM32F3xx_HAL_Driver/stm32f3xx_hal_i2c_ex.o
LOAD ./Drivers/STM32F3xx_HAL_Driver/stm32f3xx_hal_pcd.o
LOAD ./Drivers/STM32F3xx_HAL_Driver/stm32f3xx_hal_pcd_ex.o
LOAD ./Drivers/STM32F3xx_HAL_Driver/stm32f3xx_hal_pwr.o
LOAD ./Drivers/STM32F3xx_HAL_Driver/stm32f3xx_hal_pwr_ex.o
LOAD ./Drivers/STM32F3xx_HAL_Driver/stm32f3xx_hal_rcc.o
LOAD ./Drivers/STM32F3xx_HAL_Driver/stm32f3xx_hal_rcc_ex.o
LOAD ./Drivers/STM32F3xx_HAL_Driver/stm32f3xx_ll_usb.o
LOAD ./Middlewares/USB_Device_Library/usbd_cdc.o
LOAD ./Middlewares/USB_Device_Library/usbd_core.o
LOAD ./Middlewares/USB_Device_Library/usbd_ctlreq.o
LOAD ./Middlewares/USB_Device_Library/usbd_ioreq.o
LOAD ./USB_DEVICE/App/usb_device.o
LOAD ./USB_DEVICE/App/usbd_cdc_if.o
LOAD ./USB_DEVICE/App/usbd_desc.o
LOAD ./USB_DEVICE/Target/usbd_conf.o
START GROUP
LOAD D:/STM/STM32CubeIDE_1.13.0/STM32CubeIDE/plugins/com.st.stm32cube.ide.mcu.externaltools.gnu-tools-for-stm32.11.3.rel1.win32_1.1.0.202305231506/tools/bin/../lib/gcc/arm-none-eabi/11.3.1/../../../../arm-none-eabi/lib/thumb/v7e-m+fp/hard\libstdc++_nano.a
LOAD D:/STM/STM32CubeIDE_1.13.0/STM32CubeIDE/plugins/com.st.stm32cube.ide.mcu.externaltools.gnu-tools-for-stm32.11.3.rel1.win32_1.1.0.202305231506/tools/bin/../lib/gcc/arm-none-eabi/11.3.1/../../../../arm-none-eabi/lib/thumb/v7e-m+fp/hard\libsupc++_nano.a
END GROUP
LOAD D:/STM/STM32CubeIDE_1.13.0/STM32CubeIDE/plugins/com.st.stm32cube.ide.mcu.externaltools.gnu-tools-for-stm32.11.3.rel1.win32_1.1.0.202305231506/tools/bin/../lib/gcc/arm-none-eabi/11.3.1/../../../../arm-none-eabi/lib/thumb/v7e-m+fp/hard\libstdc++_nano.a
LOAD D:/STM/STM32CubeIDE_1.13.0/STM32CubeIDE/plugins/com.st.stm32cube.ide.mcu.externaltools.gnu-tools-for-stm32.11.3.rel1.win32_1.1.0.202305231506/tools/bin/../lib/gcc/arm-none-eabi/11.3.1/../../../../arm-none-eabi/lib/thumb/v7e-m+fp/hard\libm.a
LOAD D:/STM/STM32CubeIDE_1.13.0/STM32CubeIDE/plugins/com.st.stm32cube.ide.mcu.externaltools.gnu-tools-for-stm32.11.3.rel1.win32_1.1.0.202305231506/tools/bin/../lib/gcc/arm-none-eabi/11.3.1/../../../../arm-none-eabi/lib/thumb/v7e-m+fp/hard\libc_nano.a
START GROUP
LOAD D:/STM/STM32CubeIDE_1.13.0/STM32CubeIDE/plugins/com.st.stm32cube.ide.mcu.externaltools.gnu-tools-for-stm32.11.3.rel1.win32_1.1.0.202305231506/tools/bin/../lib/gcc/arm-none-eabi/11.3.1/thumb/v7e-m+fp/hard\libgcc.a
LOAD D:/STM/STM32CubeIDE_1.13.0/STM32CubeIDE/plugins/com.st.stm32cube.ide.mcu.externaltools.gnu-tools-for-stm32.11.3.rel1.win32_1.1.0.202305231506/tools/bin/../lib/gcc/arm-none-eabi/11.3.1/../../../../arm-none-eabi/lib/thumb/v7e-m+fp/hard\libc_nano.a
END GROUP
START GROUP
LOAD D:/STM/STM32CubeIDE_1.13.0/STM32CubeIDE/plugins/com.st.stm32cube.ide.mcu.externaltools.gnu-tools-for-stm32.11.3.rel1.win32_1.1.0.202305231506/tools/bin/../lib/gcc/arm-none-eabi/11.3.1/thumb/v7e-m+fp/hard\libgcc.a
LOAD D:/STM/STM32CubeIDE_1.13.0/STM32CubeIDE/plugins/com.st.stm32cube.ide.mcu.externaltools.gnu-tools-for-stm32.11.3.rel1.win32_1.1.0.202305231506/tools/bin/../lib/gcc/arm-none-eabi/11.3.1/../../../../arm-none-eabi/lib/thumb/v7e-m+fp/hard\libc_nano.a
LOAD D:/STM/STM32CubeIDE_1.13.0/STM32CubeIDE/plugins/com.st.stm32cube.ide.mcu.externaltools.gnu-tools-for-stm32.11.3.rel1.win32_1.1.0.202305231506/tools/bin/../lib/gcc/arm-none-eabi/11.3.1/../../../../arm-none-eabi/lib/thumb/v7e-m+fp/hard\libnosys.a
END GROUP
START GROUP
LOAD D:/STM/STM32CubeIDE_1.13.0/STM32CubeIDE/plugins/com.st.stm32cube.ide.mcu.externaltools.gnu-tools-for-stm32.11.3.rel1.win32_1.1.0.202305231506/tools/bin/../lib/gcc/arm-none-eabi/11.3.1/thumb/v7e-m+fp/hard\libgcc.a
LOAD D:/STM/STM32CubeIDE_1.13.0/STM32CubeIDE/plugins/com.st.stm32cube.ide.mcu.externaltools.gnu-tools-for-stm32.11.3.rel1.win32_1.1.0.202305231506/tools/bin/../lib/gcc/arm-none-eabi/11.3.1/../../../../arm-none-eabi/lib/thumb/v7e-m+fp/hard\libc_nano.a
LOAD D:/STM/STM32CubeIDE_1.13.0/STM32CubeIDE/plugins/com.st.stm32cube.ide.mcu.externaltools.gnu-tools-for-stm32.11.3.rel1.win32_1.1.0.202305231506/tools/bin/../lib/gcc/arm-none-eabi/11.3.1/../../../../arm-none-eabi/lib/thumb/v7e-m+fp/hard\libnosys.a
END GROUP
LOAD D:/STM/STM32CubeIDE_1.13.0/STM32CubeIDE/plugins/com.st.stm32cube.ide.mcu.externaltools.gnu-tools-for-stm32.11.3.rel1.win32_1.1.0.202305231506/tools/bin/../lib/gcc/arm-none-eabi/11.3.1/thumb/v7e-m+fp/hard/crtend.o
LOAD D:/STM/STM32CubeIDE_1.13.0/STM32CubeIDE/plugins/com.st.stm32cube.ide.mcu.externaltools.gnu-tools-for-stm32.11.3.rel1.win32_1.1.0.202305231506/tools/bin/../lib/gcc/arm-none-eabi/11.3.1/thumb/v7e-m+fp/hard/crtn.o
                0x000000002000a000                _estack = (ORIGIN (RAM) + LENGTH (RAM))
                0x0000000000000200                _Min_Heap_Size = 0x200
                0x0000000000000400                _Min_Stack_Size = 0x400

.isr_vector     0x0000000008000000      0x188
                0x0000000008000000                . = ALIGN (0x4)
 *(.isr_vector)
 .isr_vector    0x0000000008000000      0x188 ./Core/Startup/startup_stm32f303cctx.o
                0x0000000008000000                g_pfnVectors
                0x0000000008000188                . = ALIGN (0x4)

.text           0x0000000008000190     0xb0dc
                0x0000000008000190                . = ALIGN (0x4)
 *(.text)
 .text          0x0000000008000190       0x40 D:/STM/STM32CubeIDE_1.13.0/STM32CubeIDE/plugins/com.st.stm32cube.ide.mcu.externaltools.gnu-tools-for-stm32.11.3.rel1.win32_1.1.0.202305231506/tools/bin/../lib/gcc/arm-none-eabi/11.3.1/thumb/v7e-m+fp/hard/crtbegin.o
 .text          0x00000000080001d0       0xa0 D:/STM/STM32CubeIDE_1.13.0/STM32CubeIDE/plugins/com.st.stm32cube.ide.mcu.externaltools.gnu-tools-for-stm32.11.3.rel1.win32_1.1.0.202305231506/tools/bin/../lib/gcc/arm-none-eabi/11.3.1/../../../../arm-none-eabi/lib/thumb/v7e-m+fp/hard\libc_nano.a(libc_a-memchr.o)
                0x00000000080001d0                memchr
 *(.text*)
 .text.CAN_to_SLCAN_and_send
                0x0000000008000270       0xb4 ./Core/Src/main.o
                0x0000000008000270                CAN_to_SLCAN_and_send
 .text.slcan_set_channel
                0x0000000008000324       0x34 ./Core/Src/main.o
                0x0000000008000324                slcan_set_channel
 .text.slcan_send_ok
                0x0000000008000358       0x14 ./Core/Src/main.o
                0x0000000008000358                slcan_send_ok
 .text.slcan_send_error
                0x000000000800036c       0x14 ./Core/Src/main.o
                0x000000000800036c                slcan_send_error
 .text.slcan_send_serial_number
                0x0000000008000380       0x14 ./Core/Src/main.o
                0x0000000008000380                slcan_send_serial_number
 .text.slcan_return_status_flags
                0x0000000008000394       0xfc ./Core/Src/main.o
                0x0000000008000394                slcan_return_status_flags
 .text.slcan_set_bitrate
                0x0000000008000490      0x178 ./Core/Src/main.o
                0x0000000008000490                slcan_set_bitrate
 .text.slcan_send_std_can_msg
                0x0000000008000608       0x6c ./Core/Src/main.o
                0x0000000008000608                slcan_send_std_can_msg
 .text.slcan_send_ext_can_msg
                0x0000000008000674       0x6c ./Core/Src/main.o
                0x0000000008000674                slcan_send_ext_can_msg
 .text.slcan_send_std_rtr_msg
                0x00000000080006e0       0x50 ./Core/Src/main.o
                0x00000000080006e0                slcan_send_std_rtr_msg
 .text.slcan_send_ext_rtr_msg
                0x0000000008000730       0x50 ./Core/Src/main.o
                0x0000000008000730                slcan_send_ext_rtr_msg
 .text.slcan_process_command
                0x0000000008000780      0x45c ./Core/Src/main.o
                0x0000000008000780                slcan_process_command
 .text.main     0x0000000008000bdc       0x1a ./Core/Src/main.o
                0x0000000008000bdc                main
 .text.SystemClock_Config
                0x0000000008000bf6       0xb6 ./Core/Src/main.o
                0x0000000008000bf6                SystemClock_Config
 .text.MX_CAN_Init
                0x0000000008000cac       0xa4 ./Core/Src/main.o
 .text.MX_GPIO_Init
                0x0000000008000d50       0x94 ./Core/Src/main.o
 .text.HAL_CAN_RxFifo0MsgPendingCallback
                0x0000000008000de4       0x34 ./Core/Src/main.o
                0x0000000008000de4                HAL_CAN_RxFifo0MsgPendingCallback
 .text.slcan_usb_rx
                0x0000000008000e18       0x74 ./Core/Src/main.o
                0x0000000008000e18                slcan_usb_rx
 .text.Error_Handler
                0x0000000008000e8c        0xa ./Core/Src/main.o
                0x0000000008000e8c                Error_Handler
 *fill*         0x0000000008000e96        0x2 
 .text.HAL_MspInit
                0x0000000008000e98       0x48 ./Core/Src/stm32f3xx_hal_msp.o
                0x0000000008000e98                HAL_MspInit
 .text.HAL_CAN_MspInit
                0x0000000008000ee0       0xa8 ./Core/Src/stm32f3xx_hal_msp.o
                0x0000000008000ee0                HAL_CAN_MspInit
 .text.NMI_Handler
                0x0000000008000f88        0x6 ./Core/Src/stm32f3xx_it.o
                0x0000000008000f88                NMI_Handler
 .text.HardFault_Handler
                0x0000000008000f8e        0x6 ./Core/Src/stm32f3xx_it.o
                0x0000000008000f8e                HardFault_Handler
 .text.MemManage_Handler
                0x0000000008000f94        0x6 ./Core/Src/stm32f3xx_it.o
                0x0000000008000f94                MemManage_Handler
 .text.BusFault_Handler
                0x0000000008000f9a        0x6 ./Core/Src/stm32f3xx_it.o
                0x0000000008000f9a                BusFault_Handler
 .text.UsageFault_Handler
                0x0000000008000fa0        0x6 ./Core/Src/stm32f3xx_it.o
                0x0000000008000fa0                UsageFault_Handler
 .text.SVC_Handler
                0x0000000008000fa6        0xe ./Core/Src/stm32f3xx_it.o
                0x0000000008000fa6                SVC_Handler
 .text.DebugMon_Handler
                0x0000000008000fb4        0xe ./Core/Src/stm32f3xx_it.o
                0x0000000008000fb4                DebugMon_Handler
 .text.PendSV_Handler
                0x0000000008000fc2        0xe ./Core/Src/stm32f3xx_it.o
                0x0000000008000fc2                PendSV_Handler
 .text.SysTick_Handler
                0x0000000008000fd0        0xc ./Core/Src/stm32f3xx_it.o
                0x0000000008000fd0                SysTick_Handler
 .text.USB_HP_CAN_TX_IRQHandler
                0x0000000008000fdc       0x14 ./Core/Src/stm32f3xx_it.o
                0x0000000008000fdc                USB_HP_CAN_TX_IRQHandler
 .text.USB_LP_CAN_RX0_IRQHandler
                0x0000000008000ff0       0x14 ./Core/Src/stm32f3xx_it.o
                0x0000000008000ff0                USB_LP_CAN_RX0_IRQHandler
 .text.USB_LP_IRQHandler
                0x0000000008001004       0x14 ./Core/Src/stm32f3xx_it.o
                0x0000000008001004                USB_LP_IRQHandler
 .text._read    0x0000000008001018       0x3a ./Core/Src/syscalls.o
                0x0000000008001018                _read
 .text._write   0x0000000008001052       0x38 ./Core/Src/syscalls.o
                0x0000000008001052                _write
 .text._close   0x000000000800108a       0x18 ./Core/Src/syscalls.o
                0x000000000800108a                _close
 .text._fstat   0x00000000080010a2       0x20 ./Core/Src/syscalls.o
                0x00000000080010a2                _fstat
 .text._isatty  0x00000000080010c2       0x16 ./Core/Src/syscalls.o
                0x00000000080010c2                _isatty
 .text._lseek   0x00000000080010d8       0x1a ./Core/Src/syscalls.o
                0x00000000080010d8                _lseek
 *fill*         0x00000000080010f2        0x2 
 .text._sbrk    0x00000000080010f4       0x6c ./Core/Src/sysmem.o
                0x00000000080010f4                _sbrk
 .text.SystemInit
                0x0000000008001160       0x24 ./Core/Src/system_stm32f3xx.o
                0x0000000008001160                SystemInit
 .text.Reset_Handler
                0x0000000008001184       0x50 ./Core/Startup/startup_stm32f303cctx.o
                0x0000000008001184                Reset_Handler
 .text.Default_Handler
                0x00000000080011d4        0x2 ./Core/Startup/startup_stm32f303cctx.o
                0x00000000080011d4                RTC_Alarm_IRQHandler
                0x00000000080011d4                TIM8_TRG_COM_IRQHandler
                0x00000000080011d4                TIM8_CC_IRQHandler
                0x00000000080011d4                TIM1_CC_IRQHandler
                0x00000000080011d4                USB_HP_IRQHandler
                0x00000000080011d4                PVD_IRQHandler
                0x00000000080011d4                TAMP_STAMP_IRQHandler
                0x00000000080011d4                EXTI3_IRQHandler
                0x00000000080011d4                EXTI0_IRQHandler
                0x00000000080011d4                I2C2_EV_IRQHandler
                0x00000000080011d4                FPU_IRQHandler
                0x00000000080011d4                TIM1_UP_TIM16_IRQHandler
                0x00000000080011d4                ADC1_2_IRQHandler
                0x00000000080011d4                SPI1_IRQHandler
                0x00000000080011d4                CAN_SCE_IRQHandler
                0x00000000080011d4                TIM6_DAC_IRQHandler
                0x00000000080011d4                TIM8_UP_IRQHandler
                0x00000000080011d4                DMA2_Channel2_IRQHandler
                0x00000000080011d4                DMA1_Channel4_IRQHandler
                0x00000000080011d4                USART3_IRQHandler
                0x00000000080011d4                DMA1_Channel7_IRQHandler
                0x00000000080011d4                UART5_IRQHandler
                0x00000000080011d4                ADC3_IRQHandler
                0x00000000080011d4                TIM4_IRQHandler
                0x00000000080011d4                CAN_RX1_IRQHandler
                0x00000000080011d4                DMA2_Channel1_IRQHandler
                0x00000000080011d4                I2C1_EV_IRQHandler
                0x00000000080011d4                DMA1_Channel6_IRQHandler
                0x00000000080011d4                UART4_IRQHandler
                0x00000000080011d4                DMA2_Channel4_IRQHandler
                0x00000000080011d4                TIM3_IRQHandler
                0x00000000080011d4                RCC_IRQHandler
                0x00000000080011d4                DMA1_Channel1_IRQHandler
                0x00000000080011d4                Default_Handler
                0x00000000080011d4                USBWakeUp_RMP_IRQHandler
                0x00000000080011d4                EXTI15_10_IRQHandler
                0x00000000080011d4                TIM7_IRQHandler
                0x00000000080011d4                EXTI9_5_IRQHandler
                0x00000000080011d4                RTC_WKUP_IRQHandler
                0x00000000080011d4                SPI2_IRQHandler
                0x00000000080011d4                DMA2_Channel5_IRQHandler
                0x00000000080011d4                DMA1_Channel5_IRQHandler
                0x00000000080011d4                EXTI4_IRQHandler
                0x00000000080011d4                TIM1_TRG_COM_TIM17_IRQHandler
                0x00000000080011d4                DMA1_Channel3_IRQHandler
                0x00000000080011d4                ADC4_IRQHandler
                0x00000000080011d4                WWDG_IRQHandler
                0x00000000080011d4                TIM2_IRQHandler
                0x00000000080011d4                COMP7_IRQHandler
                0x00000000080011d4                COMP1_2_3_IRQHandler
                0x00000000080011d4                EXTI1_IRQHandler
                0x00000000080011d4                USART2_IRQHandler
                0x00000000080011d4                COMP4_5_6_IRQHandler
                0x00000000080011d4                I2C2_ER_IRQHandler
                0x00000000080011d4                DMA1_Channel2_IRQHandler
                0x00000000080011d4                TIM8_BRK_IRQHandler
                0x00000000080011d4                FLASH_IRQHandler
                0x00000000080011d4                USART1_IRQHandler
                0x00000000080011d4                SPI3_IRQHandler
                0x00000000080011d4                I2C1_ER_IRQHandler
                0x00000000080011d4                USBWakeUp_IRQHandler
                0x00000000080011d4                DMA2_Channel3_IRQHandler
                0x00000000080011d4                EXTI2_TSC_IRQHandler
                0x00000000080011d4                TIM1_BRK_TIM15_IRQHandler
 *fill*         0x00000000080011d6        0x2 
 .text.HAL_Init
                0x00000000080011d8       0x2c ./Drivers/STM32F3xx_HAL_Driver/stm32f3xx_hal.o
                0x00000000080011d8                HAL_Init
 .text.HAL_InitTick
                0x0000000008001204       0x60 ./Drivers/STM32F3xx_HAL_Driver/stm32f3xx_hal.o
                0x0000000008001204                HAL_InitTick
 .text.HAL_IncTick
                0x0000000008001264       0x28 ./Drivers/STM32F3xx_HAL_Driver/stm32f3xx_hal.o
                0x0000000008001264                HAL_IncTick
 .text.HAL_GetTick
                0x000000000800128c       0x18 ./Drivers/STM32F3xx_HAL_Driver/stm32f3xx_hal.o
                0x000000000800128c                HAL_GetTick
 .text.HAL_CAN_Init
                0x00000000080012a4      0x1f6 ./Drivers/STM32F3xx_HAL_Driver/stm32f3xx_hal_can.o
                0x00000000080012a4                HAL_CAN_Init
 .text.HAL_CAN_ConfigFilter
                0x000000000800149a      0x194 ./Drivers/STM32F3xx_HAL_Driver/stm32f3xx_hal_can.o
                0x000000000800149a                HAL_CAN_ConfigFilter
 .text.HAL_CAN_Start
                0x000000000800162e       0x88 ./Drivers/STM32F3xx_HAL_Driver/stm32f3xx_hal_can.o
                0x000000000800162e                HAL_CAN_Start
 .text.HAL_CAN_Stop
                0x00000000080016b6       0x92 ./Drivers/STM32F3xx_HAL_Driver/stm32f3xx_hal_can.o
                0x00000000080016b6                HAL_CAN_Stop
 .text.HAL_CAN_AddTxMessage
                0x0000000008001748      0x1a0 ./Drivers/STM32F3xx_HAL_Driver/stm32f3xx_hal_can.o
                0x0000000008001748                HAL_CAN_AddTxMessage
 .text.HAL_CAN_GetTxMailboxesFreeLevel
                0x00000000080018e8       0x6a ./Drivers/STM32F3xx_HAL_Driver/stm32f3xx_hal_can.o
                0x00000000080018e8                HAL_CAN_GetTxMailboxesFreeLevel
 .text.HAL_CAN_GetRxMessage
                0x0000000008001952      0x244 ./Drivers/STM32F3xx_HAL_Driver/stm32f3xx_hal_can.o
                0x0000000008001952                HAL_CAN_GetRxMessage
 .text.HAL_CAN_GetRxFifoFillLevel
                0x0000000008001b96       0x50 ./Drivers/STM32F3xx_HAL_Driver/stm32f3xx_hal_can.o
                0x0000000008001b96                HAL_CAN_GetRxFifoFillLevel
 .text.HAL_CAN_ActivateNotification
                0x0000000008001be6       0x4c ./Drivers/STM32F3xx_HAL_Driver/stm32f3xx_hal_can.o
                0x0000000008001be6                HAL_CAN_ActivateNotification
 .text.HAL_CAN_IRQHandler
                0x0000000008001c32      0x36e ./Drivers/STM32F3xx_HAL_Driver/stm32f3xx_hal_can.o
                0x0000000008001c32                HAL_CAN_IRQHandler
 .text.HAL_CAN_TxMailbox0CompleteCallback
                0x0000000008001fa0       0x14 ./Drivers/STM32F3xx_HAL_Driver/stm32f3xx_hal_can.o
                0x0000000008001fa0                HAL_CAN_TxMailbox0CompleteCallback
 .text.HAL_CAN_TxMailbox1CompleteCallback
                0x0000000008001fb4       0x14 ./Drivers/STM32F3xx_HAL_Driver/stm32f3xx_hal_can.o
                0x0000000008001fb4                HAL_CAN_TxMailbox1CompleteCallback
 .text.HAL_CAN_TxMailbox2CompleteCallback
                0x0000000008001fc8       0x14 ./Drivers/STM32F3xx_HAL_Driver/stm32f3xx_hal_can.o
                0x0000000008001fc8                HAL_CAN_TxMailbox2CompleteCallback
 .text.HAL_CAN_TxMailbox0AbortCallback
                0x0000000008001fdc       0x14 ./Drivers/STM32F3xx_HAL_Driver/stm32f3xx_hal_can.o
                0x0000000008001fdc                HAL_CAN_TxMailbox0AbortCallback
 .text.HAL_CAN_TxMailbox1AbortCallback
                0x0000000008001ff0       0x14 ./Drivers/STM32F3xx_HAL_Driver/stm32f3xx_hal_can.o
                0x0000000008001ff0                HAL_CAN_TxMailbox1AbortCallback
 .text.HAL_CAN_TxMailbox2AbortCallback
                0x0000000008002004       0x14 ./Drivers/STM32F3xx_HAL_Driver/stm32f3xx_hal_can.o
                0x0000000008002004                HAL_CAN_TxMailbox2AbortCallback
 .text.HAL_CAN_RxFifo0FullCallback
                0x0000000008002018       0x14 ./Drivers/STM32F3xx_HAL_Driver/stm32f3xx_hal_can.o
                0x0000000008002018                HAL_CAN_RxFifo0FullCallback
 .text.HAL_CAN_RxFifo1MsgPendingCallback
                0x000000000800202c       0x14 ./Drivers/STM32F3xx_HAL_Driver/stm32f3xx_hal_can.o
                0x000000000800202c                HAL_CAN_RxFifo1MsgPendingCallback
 .text.HAL_CAN_RxFifo1FullCallback
                0x0000000008002040       0x14 ./Drivers/STM32F3xx_HAL_Driver/stm32f3xx_hal_can.o
                0x0000000008002040                HAL_CAN_RxFifo1FullCallback
 .text.HAL_CAN_SleepCallback
                0x0000000008002054       0x14 ./Drivers/STM32F3xx_HAL_Driver/stm32f3xx_hal_can.o
                0x0000000008002054                HAL_CAN_SleepCallback
 .text.HAL_CAN_WakeUpFromRxMsgCallback
                0x0000000008002068       0x14 ./Drivers/STM32F3xx_HAL_Driver/stm32f3xx_hal_can.o
                0x0000000008002068                HAL_CAN_WakeUpFromRxMsgCallback
 .text.HAL_CAN_ErrorCallback
                0x000000000800207c       0x14 ./Drivers/STM32F3xx_HAL_Driver/stm32f3xx_hal_can.o
                0x000000000800207c                HAL_CAN_ErrorCallback
 .text.__NVIC_SetPriorityGrouping
                0x0000000008002090       0x48 ./Drivers/STM32F3xx_HAL_Driver/stm32f3xx_hal_cortex.o
 .text.__NVIC_GetPriorityGrouping
                0x00000000080020d8       0x1c ./Drivers/STM32F3xx_HAL_Driver/stm32f3xx_hal_cortex.o
 .text.__NVIC_EnableIRQ
                0x00000000080020f4       0x3c ./Drivers/STM32F3xx_HAL_Driver/stm32f3xx_hal_cortex.o
 .text.__NVIC_SetPriority
                0x0000000008002130       0x54 ./Drivers/STM32F3xx_HAL_Driver/stm32f3xx_hal_cortex.o
 .text.NVIC_EncodePriority
                0x0000000008002184       0x66 ./Drivers/STM32F3xx_HAL_Driver/stm32f3xx_hal_cortex.o
 *fill*         0x00000000080021ea        0x2 
 .text.SysTick_Config
                0x00000000080021ec       0x44 ./Drivers/STM32F3xx_HAL_Driver/stm32f3xx_hal_cortex.o
 .text.HAL_NVIC_SetPriorityGrouping
                0x0000000008002230       0x16 ./Drivers/STM32F3xx_HAL_Driver/stm32f3xx_hal_cortex.o
                0x0000000008002230                HAL_NVIC_SetPriorityGrouping
 .text.HAL_NVIC_SetPriority
                0x0000000008002246       0x38 ./Drivers/STM32F3xx_HAL_Driver/stm32f3xx_hal_cortex.o
                0x0000000008002246                HAL_NVIC_SetPriority
 .text.HAL_NVIC_EnableIRQ
                0x000000000800227e       0x1c ./Drivers/STM32F3xx_HAL_Driver/stm32f3xx_hal_cortex.o
                0x000000000800227e                HAL_NVIC_EnableIRQ
 .text.HAL_SYSTICK_Config
                0x000000000800229a       0x18 ./Drivers/STM32F3xx_HAL_Driver/stm32f3xx_hal_cortex.o
                0x000000000800229a                HAL_SYSTICK_Config
 *fill*         0x00000000080022b2        0x2 
 .text.HAL_GPIO_Init
                0x00000000080022b4      0x2f4 ./Drivers/STM32F3xx_HAL_Driver/stm32f3xx_hal_gpio.o
                0x00000000080022b4                HAL_GPIO_Init
 .text.HAL_GPIO_WritePin
                0x00000000080025a8       0x30 ./Drivers/STM32F3xx_HAL_Driver/stm32f3xx_hal_gpio.o
                0x00000000080025a8                HAL_GPIO_WritePin
 .text.HAL_PCD_Init
                0x00000000080025d8      0x18e ./Drivers/STM32F3xx_HAL_Driver/stm32f3xx_hal_pcd.o
                0x00000000080025d8                HAL_PCD_Init
 .text.HAL_PCD_Start
                0x0000000008002766       0x4c ./Drivers/STM32F3xx_HAL_Driver/stm32f3xx_hal_pcd.o
                0x0000000008002766                HAL_PCD_Start
 .text.HAL_PCD_IRQHandler
                0x00000000080027b2      0x1a8 ./Drivers/STM32F3xx_HAL_Driver/stm32f3xx_hal_pcd.o
                0x00000000080027b2                HAL_PCD_IRQHandler
 .text.HAL_PCD_SetAddress
                0x000000000800295a       0x48 ./Drivers/STM32F3xx_HAL_Driver/stm32f3xx_hal_pcd.o
                0x000000000800295a                HAL_PCD_SetAddress
 .text.HAL_PCD_EP_Open
                0x00000000080029a2       0xba ./Drivers/STM32F3xx_HAL_Driver/stm32f3xx_hal_pcd.o
                0x00000000080029a2                HAL_PCD_EP_Open
 .text.HAL_PCD_EP_Close
                0x0000000008002a5c       0x90 ./Drivers/STM32F3xx_HAL_Driver/stm32f3xx_hal_pcd.o
                0x0000000008002a5c                HAL_PCD_EP_Close
 .text.HAL_PCD_EP_Receive
                0x0000000008002aec       0x62 ./Drivers/STM32F3xx_HAL_Driver/stm32f3xx_hal_pcd.o
                0x0000000008002aec                HAL_PCD_EP_Receive
 .text.HAL_PCD_EP_GetRxCount
                0x0000000008002b4e       0x30 ./Drivers/STM32F3xx_HAL_Driver/stm32f3xx_hal_pcd.o
                0x0000000008002b4e                HAL_PCD_EP_GetRxCount
 .text.HAL_PCD_EP_Transmit
                0x0000000008002b7e       0x6e ./Drivers/STM32F3xx_HAL_Driver/stm32f3xx_hal_pcd.o
                0x0000000008002b7e                HAL_PCD_EP_Transmit
 .text.HAL_PCD_EP_SetStall
                0x0000000008002bec       0xa4 ./Drivers/STM32F3xx_HAL_Driver/stm32f3xx_hal_pcd.o
                0x0000000008002bec                HAL_PCD_EP_SetStall
 .text.HAL_PCD_EP_ClrStall
                0x0000000008002c90       0xa8 ./Drivers/STM32F3xx_HAL_Driver/stm32f3xx_hal_pcd.o
                0x0000000008002c90                HAL_PCD_EP_ClrStall
 .text.PCD_EP_ISR_Handler
                0x0000000008002d38      0x7a0 ./Drivers/STM32F3xx_HAL_Driver/stm32f3xx_hal_pcd.o
 .text.HAL_PCD_EP_DB_Receive
                0x00000000080034d8      0x21a ./Drivers/STM32F3xx_HAL_Driver/stm32f3xx_hal_pcd.o
 .text.HAL_PCD_EP_DB_Transmit
                0x00000000080036f2      0x7f4 ./Drivers/STM32F3xx_HAL_Driver/stm32f3xx_hal_pcd.o
 .text.HAL_PCDEx_PMAConfig
                0x0000000008003ee6       0x86 ./Drivers/STM32F3xx_HAL_Driver/stm32f3xx_hal_pcd_ex.o
                0x0000000008003ee6                HAL_PCDEx_PMAConfig
 .text.HAL_RCC_OscConfig
                0x0000000008003f6c     0x107c ./Drivers/STM32F3xx_HAL_Driver/stm32f3xx_hal_rcc.o
                0x0000000008003f6c                HAL_RCC_OscConfig
 .text.HAL_RCC_ClockConfig
                0x0000000008004fe8      0x2f8 ./Drivers/STM32F3xx_HAL_Driver/stm32f3xx_hal_rcc.o
                0x0000000008004fe8                HAL_RCC_ClockConfig
 .text.HAL_RCC_GetSysClockFreq
                0x00000000080052e0       0xac ./Drivers/STM32F3xx_HAL_Driver/stm32f3xx_hal_rcc.o
                0x00000000080052e0                HAL_RCC_GetSysClockFreq
 .text.HAL_RCCEx_PeriphCLKConfig
                0x000000000800538c      0x360 ./Drivers/STM32F3xx_HAL_Driver/stm32f3xx_hal_rcc_ex.o
                0x000000000800538c                HAL_RCCEx_PeriphCLKConfig
 .text.USB_EnableGlobalInt
                0x00000000080056ec       0x2e ./Drivers/STM32F3xx_HAL_Driver/stm32f3xx_ll_usb.o
                0x00000000080056ec                USB_EnableGlobalInt
 .text.USB_DisableGlobalInt
                0x000000000800571a       0x36 ./Drivers/STM32F3xx_HAL_Driver/stm32f3xx_ll_usb.o
                0x000000000800571a                USB_DisableGlobalInt
 .text.USB_DevInit
                0x0000000008005750       0x3c ./Drivers/STM32F3xx_HAL_Driver/stm32f3xx_ll_usb.o
                0x0000000008005750                USB_DevInit
 .text.USB_ActivateEndpoint
                0x000000000800578c      0x788 ./Drivers/STM32F3xx_HAL_Driver/stm32f3xx_ll_usb.o
                0x000000000800578c                USB_ActivateEndpoint
 .text.USB_DeactivateEndpoint
                0x0000000008005f14      0x3da ./Drivers/STM32F3xx_HAL_Driver/stm32f3xx_ll_usb.o
                0x0000000008005f14                USB_DeactivateEndpoint
 .text.USB_EPStartXfer
                0x00000000080062ee     0x1764 ./Drivers/STM32F3xx_HAL_Driver/stm32f3xx_ll_usb.o
                0x00000000080062ee                USB_EPStartXfer
 .text.USB_EPSetStall
                0x0000000008007a52       0xa2 ./Drivers/STM32F3xx_HAL_Driver/stm32f3xx_ll_usb.o
                0x0000000008007a52                USB_EPSetStall
 .text.USB_EPClearStall
                0x0000000008007af4      0x15c ./Drivers/STM32F3xx_HAL_Driver/stm32f3xx_ll_usb.o
                0x0000000008007af4                USB_EPClearStall
 .text.USB_SetDevAddress
                0x0000000008007c50       0x28 ./Drivers/STM32F3xx_HAL_Driver/stm32f3xx_ll_usb.o
                0x0000000008007c50                USB_SetDevAddress
 .text.USB_DevConnect
                0x0000000008007c78       0x16 ./Drivers/STM32F3xx_HAL_Driver/stm32f3xx_ll_usb.o
                0x0000000008007c78                USB_DevConnect
 .text.USB_ReadInterrupts
                0x0000000008007c8e       0x20 ./Drivers/STM32F3xx_HAL_Driver/stm32f3xx_ll_usb.o
                0x0000000008007c8e                USB_ReadInterrupts
 .text.USB_WritePMA
                0x0000000008007cae       0x8c ./Drivers/STM32F3xx_HAL_Driver/stm32f3xx_ll_usb.o
                0x0000000008007cae                USB_WritePMA
 .text.USB_ReadPMA
                0x0000000008007d3a       0xa0 ./Drivers/STM32F3xx_HAL_Driver/stm32f3xx_ll_usb.o
                0x0000000008007d3a                USB_ReadPMA
 .text.USBD_CDC_Init
                0x0000000008007dda       0xf4 ./Middlewares/USB_Device_Library/usbd_cdc.o
 .text.USBD_CDC_DeInit
                0x0000000008007ece       0x6e ./Middlewares/USB_Device_Library/usbd_cdc.o
 .text.USBD_CDC_Setup
                0x0000000008007f3c      0x146 ./Middlewares/USB_Device_Library/usbd_cdc.o
 .text.USBD_CDC_DataIn
                0x0000000008008082       0xa6 ./Middlewares/USB_Device_Library/usbd_cdc.o
 .text.USBD_CDC_DataOut
                0x0000000008008128       0x56 ./Middlewares/USB_Device_Library/usbd_cdc.o
 .text.USBD_CDC_EP0_RxReady
                0x000000000800817e       0x50 ./Middlewares/USB_Device_Library/usbd_cdc.o
 *fill*         0x00000000080081ce        0x2 
 .text.USBD_CDC_GetFSCfgDesc
                0x00000000080081d0       0x20 ./Middlewares/USB_Device_Library/usbd_cdc.o
 .text.USBD_CDC_GetHSCfgDesc
                0x00000000080081f0       0x20 ./Middlewares/USB_Device_Library/usbd_cdc.o
 .text.USBD_CDC_GetOtherSpeedCfgDesc
                0x0000000008008210       0x20 ./Middlewares/USB_Device_Library/usbd_cdc.o
 .text.USBD_CDC_GetDeviceQualifierDescriptor
                0x0000000008008230       0x20 ./Middlewares/USB_Device_Library/usbd_cdc.o
                0x0000000008008230                USBD_CDC_GetDeviceQualifierDescriptor
 .text.USBD_CDC_RegisterInterface
                0x0000000008008250       0x2e ./Middlewares/USB_Device_Library/usbd_cdc.o
                0x0000000008008250                USBD_CDC_RegisterInterface
 .text.USBD_CDC_SetTxBuffer
                0x000000000800827e       0x34 ./Middlewares/USB_Device_Library/usbd_cdc.o
                0x000000000800827e                USBD_CDC_SetTxBuffer
 .text.USBD_CDC_SetRxBuffer
                0x00000000080082b2       0x28 ./Middlewares/USB_Device_Library/usbd_cdc.o
                0x00000000080082b2                USBD_CDC_SetRxBuffer
 .text.USBD_CDC_TransmitPacket
                0x00000000080082da       0x5e ./Middlewares/USB_Device_Library/usbd_cdc.o
                0x00000000080082da                USBD_CDC_TransmitPacket
 .text.USBD_CDC_ReceivePacket
                0x0000000008008338       0x54 ./Middlewares/USB_Device_Library/usbd_cdc.o
                0x0000000008008338                USBD_CDC_ReceivePacket
 .text.USBD_Init
                0x000000000800838c       0x70 ./Middlewares/USB_Device_Library/usbd_core.o
                0x000000000800838c                USBD_Init
 .text.USBD_RegisterClass
                0x00000000080083fc       0x4c ./Middlewares/USB_Device_Library/usbd_core.o
                0x00000000080083fc                USBD_RegisterClass
 .text.USBD_Start
                0x0000000008008448       0x18 ./Middlewares/USB_Device_Library/usbd_core.o
                0x0000000008008448                USBD_Start
 .text.USBD_RunTestMode
                0x0000000008008460       0x16 ./Middlewares/USB_Device_Library/usbd_core.o
                0x0000000008008460                USBD_RunTestMode
 .text.USBD_SetClassConfig
                0x0000000008008476       0x3e ./Middlewares/USB_Device_Library/usbd_core.o
                0x0000000008008476                USBD_SetClassConfig
 .text.USBD_ClrClassConfig
                0x00000000080084b4       0x26 ./Middlewares/USB_Device_Library/usbd_core.o
                0x00000000080084b4                USBD_ClrClassConfig
 .text.USBD_LL_SetupStage
                0x00000000080084da       0x9a ./Middlewares/USB_Device_Library/usbd_core.o
                0x00000000080084da                USBD_LL_SetupStage
 .text.USBD_LL_DataOutStage
                0x0000000008008574       0xe2 ./Middlewares/USB_Device_Library/usbd_core.o
                0x0000000008008574                USBD_LL_DataOutStage
 .text.USBD_LL_DataInStage
                0x0000000008008656      0x14a ./Middlewares/USB_Device_Library/usbd_core.o
                0x0000000008008656                USBD_LL_DataInStage
 .text.USBD_LL_Reset
                0x00000000080087a0       0x82 ./Middlewares/USB_Device_Library/usbd_core.o
                0x00000000080087a0                USBD_LL_Reset
 .text.USBD_LL_SetSpeed
                0x0000000008008822       0x20 ./Middlewares/USB_Device_Library/usbd_core.o
                0x0000000008008822                USBD_LL_SetSpeed
 .text.USBD_LL_Suspend
                0x0000000008008842       0x2a ./Middlewares/USB_Device_Library/usbd_core.o
                0x0000000008008842                USBD_LL_Suspend
 .text.USBD_LL_Resume
                0x000000000800886c       0x2c ./Middlewares/USB_Device_Library/usbd_core.o
                0x000000000800886c                USBD_LL_Resume
 .text.USBD_LL_SOF
                0x0000000008008898       0x34 ./Middlewares/USB_Device_Library/usbd_core.o
                0x0000000008008898                USBD_LL_SOF
 .text.USBD_StdDevReq
                0x00000000080088cc       0xd4 ./Middlewares/USB_Device_Library/usbd_ctlreq.o
                0x00000000080088cc                USBD_StdDevReq
 .text.USBD_StdItfReq
                0x00000000080089a0       0x90 ./Middlewares/USB_Device_Library/usbd_ctlreq.o
                0x00000000080089a0                USBD_StdItfReq
 .text.USBD_StdEPReq
                0x0000000008008a30      0x2c6 ./Middlewares/USB_Device_Library/usbd_ctlreq.o
                0x0000000008008a30                USBD_StdEPReq
 *fill*         0x0000000008008cf6        0x2 
 .text.USBD_GetDescriptor
                0x0000000008008cf8      0x2d0 ./Middlewares/USB_Device_Library/usbd_ctlreq.o
 .text.USBD_SetAddress
                0x0000000008008fc8       0x86 ./Middlewares/USB_Device_Library/usbd_ctlreq.o
 *fill*         0x000000000800904e        0x2 
 .text.USBD_SetConfig
                0x0000000008009050      0x11c ./Middlewares/USB_Device_Library/usbd_ctlreq.o
 .text.USBD_GetConfig
                0x000000000800916c       0x6a ./Middlewares/USB_Device_Library/usbd_ctlreq.o
 .text.USBD_GetStatus
                0x00000000080091d6       0x66 ./Middlewares/USB_Device_Library/usbd_ctlreq.o
 .text.USBD_SetFeature
                0x000000000800923c       0x28 ./Middlewares/USB_Device_Library/usbd_ctlreq.o
 .text.USBD_ClrFeature
                0x0000000008009264       0x42 ./Middlewares/USB_Device_Library/usbd_ctlreq.o
 .text.USBD_ParseSetupRequest
                0x00000000080092a6       0x7a ./Middlewares/USB_Device_Library/usbd_ctlreq.o
                0x00000000080092a6                USBD_ParseSetupRequest
 .text.USBD_CtlError
                0x0000000008009320       0x22 ./Middlewares/USB_Device_Library/usbd_ctlreq.o
                0x0000000008009320                USBD_CtlError
 .text.USBD_GetString
                0x0000000008009342       0x84 ./Middlewares/USB_Device_Library/usbd_ctlreq.o
                0x0000000008009342                USBD_GetString
 .text.USBD_GetLen
                0x00000000080093c6       0x30 ./Middlewares/USB_Device_Library/usbd_ctlreq.o
 .text.USBD_CtlSendData
                0x00000000080093f6       0x38 ./Middlewares/USB_Device_Library/usbd_ioreq.o
                0x00000000080093f6                USBD_CtlSendData
 .text.USBD_CtlContinueSendData
                0x000000000800942e       0x24 ./Middlewares/USB_Device_Library/usbd_ioreq.o
                0x000000000800942e                USBD_CtlContinueSendData
 .text.USBD_CtlPrepareRx
                0x0000000008009452       0x3c ./Middlewares/USB_Device_Library/usbd_ioreq.o
                0x0000000008009452                USBD_CtlPrepareRx
 .text.USBD_CtlContinueRx
                0x000000000800948e       0x24 ./Middlewares/USB_Device_Library/usbd_ioreq.o
                0x000000000800948e                USBD_CtlContinueRx
 .text.USBD_CtlSendStatus
                0x00000000080094b2       0x26 ./Middlewares/USB_Device_Library/usbd_ioreq.o
                0x00000000080094b2                USBD_CtlSendStatus
 .text.USBD_CtlReceiveStatus
                0x00000000080094d8       0x26 ./Middlewares/USB_Device_Library/usbd_ioreq.o
                0x00000000080094d8                USBD_CtlReceiveStatus
 *fill*         0x00000000080094fe        0x2 
 .text.MX_USB_DEVICE_Init
                0x0000000008009500       0x60 ./USB_DEVICE/App/usb_device.o
                0x0000000008009500                MX_USB_DEVICE_Init
 .text.CDC_Init_FS
                0x0000000008009560       0x28 ./USB_DEVICE/App/usbd_cdc_if.o
 .text.CDC_DeInit_FS
                0x0000000008009588       0x10 ./USB_DEVICE/App/usbd_cdc_if.o
 .text.CDC_Control_FS
                0x0000000008009598       0xbc ./USB_DEVICE/App/usbd_cdc_if.o
 .text.CDC_Receive_FS
                0x0000000008009654       0x34 ./USB_DEVICE/App/usbd_cdc_if.o
 .text.CDC_Transmit_FS
                0x0000000008009688       0x6c ./USB_DEVICE/App/usbd_cdc_if.o
                0x0000000008009688                CDC_Transmit_FS
 .text.USBD_FS_DeviceDescriptor
                0x00000000080096f4       0x24 ./USB_DEVICE/App/usbd_desc.o
                0x00000000080096f4                USBD_FS_DeviceDescriptor
 .text.USBD_FS_LangIDStrDescriptor
                0x0000000008009718       0x24 ./USB_DEVICE/App/usbd_desc.o
                0x0000000008009718                USBD_FS_LangIDStrDescriptor
 .text.USBD_FS_ProductStrDescriptor
                0x000000000800973c       0x3c ./USB_DEVICE/App/usbd_desc.o
                0x000000000800973c                USBD_FS_ProductStrDescriptor
 .text.USBD_FS_ManufacturerStrDescriptor
                0x0000000008009778       0x28 ./USB_DEVICE/App/usbd_desc.o
                0x0000000008009778                USBD_FS_ManufacturerStrDescriptor
 .text.USBD_FS_SerialStrDescriptor
                0x00000000080097a0       0x24 ./USB_DEVICE/App/usbd_desc.o
                0x00000000080097a0                USBD_FS_SerialStrDescriptor
 .text.USBD_FS_ConfigStrDescriptor
                0x00000000080097c4       0x3c ./USB_DEVICE/App/usbd_desc.o
                0x00000000080097c4                USBD_FS_ConfigStrDescriptor
 .text.USBD_FS_InterfaceStrDescriptor
                0x0000000008009800       0x3c ./USB_DEVICE/App/usbd_desc.o
                0x0000000008009800                USBD_FS_InterfaceStrDescriptor
 .text.Get_SerialNum
                0x000000000800983c       0x58 ./USB_DEVICE/App/usbd_desc.o
 .text.IntToUnicode
                0x0000000008009894       0x7e ./USB_DEVICE/App/usbd_desc.o
 *fill*         0x0000000008009912        0x2 
 .text.HAL_PCD_MspInit
                0x0000000008009914       0xa8 ./USB_DEVICE/Target/usbd_conf.o
                0x0000000008009914                HAL_PCD_MspInit
 .text.HAL_PCD_SetupStageCallback
                0x00000000080099bc       0x24 ./USB_DEVICE/Target/usbd_conf.o
                0x00000000080099bc                HAL_PCD_SetupStageCallback
 .text.HAL_PCD_DataOutStageCallback
                0x00000000080099e0       0x36 ./USB_DEVICE/Target/usbd_conf.o
                0x00000000080099e0                HAL_PCD_DataOutStageCallback
 .text.HAL_PCD_DataInStageCallback
                0x0000000008009a16       0x34 ./USB_DEVICE/Target/usbd_conf.o
                0x0000000008009a16                HAL_PCD_DataInStageCallback
 .text.HAL_PCD_SOFCallback
                0x0000000008009a4a       0x1c ./USB_DEVICE/Target/usbd_conf.o
                0x0000000008009a4a                HAL_PCD_SOFCallback
 .text.HAL_PCD_ResetCallback
                0x0000000008009a66       0x3c ./USB_DEVICE/Target/usbd_conf.o
                0x0000000008009a66                HAL_PCD_ResetCallback
 *fill*         0x0000000008009aa2        0x2 
 .text.HAL_PCD_SuspendCallback
                0x0000000008009aa4       0x34 ./USB_DEVICE/Target/usbd_conf.o
                0x0000000008009aa4                HAL_PCD_SuspendCallback
 .text.HAL_PCD_ResumeCallback
                0x0000000008009ad8       0x1c ./USB_DEVICE/Target/usbd_conf.o
                0x0000000008009ad8                HAL_PCD_ResumeCallback
 .text.USBD_LL_Init
                0x0000000008009af4       0xb4 ./USB_DEVICE/Target/usbd_conf.o
                0x0000000008009af4                USBD_LL_Init
 .text.USBD_LL_Start
                0x0000000008009ba8       0x36 ./USB_DEVICE/Target/usbd_conf.o
                0x0000000008009ba8                USBD_LL_Start
 .text.USBD_LL_OpenEP
                0x0000000008009bde       0x4c ./USB_DEVICE/Target/usbd_conf.o
                0x0000000008009bde                USBD_LL_OpenEP
 .text.USBD_LL_CloseEP
                0x0000000008009c2a       0x3e ./USB_DEVICE/Target/usbd_conf.o
                0x0000000008009c2a                USBD_LL_CloseEP
 .text.USBD_LL_StallEP
                0x0000000008009c68       0x3e ./USB_DEVICE/Target/usbd_conf.o
                0x0000000008009c68                USBD_LL_StallEP
 .text.USBD_LL_ClearStallEP
                0x0000000008009ca6       0x3e ./USB_DEVICE/Target/usbd_conf.o
                0x0000000008009ca6                USBD_LL_ClearStallEP
 .text.USBD_LL_IsStallEP
                0x0000000008009ce4       0x58 ./USB_DEVICE/Target/usbd_conf.o
                0x0000000008009ce4                USBD_LL_IsStallEP
 .text.USBD_LL_SetUSBAddress
                0x0000000008009d3c       0x3e ./USB_DEVICE/Target/usbd_conf.o
                0x0000000008009d3c                USBD_LL_SetUSBAddress
 .text.USBD_LL_Transmit
                0x0000000008009d7a       0x46 ./USB_DEVICE/Target/usbd_conf.o
                0x0000000008009d7a                USBD_LL_Transmit
 .text.USBD_LL_PrepareReceive
                0x0000000008009dc0       0x46 ./USB_DEVICE/Target/usbd_conf.o
                0x0000000008009dc0                USBD_LL_PrepareReceive
 .text.USBD_LL_GetRxDataSize
                0x0000000008009e06       0x26 ./USB_DEVICE/Target/usbd_conf.o
                0x0000000008009e06                USBD_LL_GetRxDataSize
 .text.USBD_static_malloc
                0x0000000008009e2c       0x1c ./USB_DEVICE/Target/usbd_conf.o
                0x0000000008009e2c                USBD_static_malloc
 .text.USBD_static_free
                0x0000000008009e48       0x14 ./USB_DEVICE/Target/usbd_conf.o
                0x0000000008009e48                USBD_static_free
 .text.HAL_PCDEx_SetConnectionState
                0x0000000008009e5c       0x18 ./USB_DEVICE/Target/usbd_conf.o
                0x0000000008009e5c                HAL_PCDEx_SetConnectionState
 .text.USBD_Get_USB_Status
                0x0000000008009e74       0x58 ./USB_DEVICE/Target/usbd_conf.o
 .text._strtol_l.constprop.0
                0x0000000008009ecc      0x104 D:/STM/STM32CubeIDE_1.13.0/STM32CubeIDE/plugins/com.st.stm32cube.ide.mcu.externaltools.gnu-tools-for-stm32.11.3.rel1.win32_1.1.0.202305231506/tools/bin/../lib/gcc/arm-none-eabi/11.3.1/../../../../arm-none-eabi/lib/thumb/v7e-m+fp/hard\libc_nano.a(libc_a-strtol.o)
 .text.strtol   0x0000000008009fd0       0x14 D:/STM/STM32CubeIDE_1.13.0/STM32CubeIDE/plugins/com.st.stm32cube.ide.mcu.externaltools.gnu-tools-for-stm32.11.3.rel1.win32_1.1.0.202305231506/tools/bin/../lib/gcc/arm-none-eabi/11.3.1/../../../../arm-none-eabi/lib/thumb/v7e-m+fp/hard\libc_nano.a(libc_a-strtol.o)
                0x0000000008009fd0                strtol
 .text.std      0x0000000008009fe4       0x48 D:/STM/STM32CubeIDE_1.13.0/STM32CubeIDE/plugins/com.st.stm32cube.ide.mcu.externaltools.gnu-tools-for-stm32.11.3.rel1.win32_1.1.0.202305231506/tools/bin/../lib/gcc/arm-none-eabi/11.3.1/../../../../arm-none-eabi/lib/thumb/v7e-m+fp/hard\libc_nano.a(libc_a-findfp.o)
 .text.stdio_exit_handler
                0x000000000800a02c       0x18 D:/STM/STM32CubeIDE_1.13.0/STM32CubeIDE/plugins/com.st.stm32cube.ide.mcu.externaltools.gnu-tools-for-stm32.11.3.rel1.win32_1.1.0.202305231506/tools/bin/../lib/gcc/arm-none-eabi/11.3.1/../../../../arm-none-eabi/lib/thumb/v7e-m+fp/hard\libc_nano.a(libc_a-findfp.o)
 .text.cleanup_stdio
                0x000000000800a044       0x40 D:/STM/STM32CubeIDE_1.13.0/STM32CubeIDE/plugins/com.st.stm32cube.ide.mcu.externaltools.gnu-tools-for-stm32.11.3.rel1.win32_1.1.0.202305231506/tools/bin/../lib/gcc/arm-none-eabi/11.3.1/../../../../arm-none-eabi/lib/thumb/v7e-m+fp/hard\libc_nano.a(libc_a-findfp.o)
 .text.global_stdio_init.part.0
                0x000000000800a084       0x3c D:/STM/STM32CubeIDE_1.13.0/STM32CubeIDE/plugins/com.st.stm32cube.ide.mcu.externaltools.gnu-tools-for-stm32.11.3.rel1.win32_1.1.0.202305231506/tools/bin/../lib/gcc/arm-none-eabi/11.3.1/../../../../arm-none-eabi/lib/thumb/v7e-m+fp/hard\libc_nano.a(libc_a-findfp.o)
 .text.__sfp_lock_acquire
                0x000000000800a0c0        0xc D:/STM/STM32CubeIDE_1.13.0/STM32CubeIDE/plugins/com.st.stm32cube.ide.mcu.externaltools.gnu-tools-for-stm32.11.3.rel1.win32_1.1.0.202305231506/tools/bin/../lib/gcc/arm-none-eabi/11.3.1/../../../../arm-none-eabi/lib/thumb/v7e-m+fp/hard\libc_nano.a(libc_a-findfp.o)
                0x000000000800a0c0                __sfp_lock_acquire
 .text.__sfp_lock_release
                0x000000000800a0cc        0xc D:/STM/STM32CubeIDE_1.13.0/STM32CubeIDE/plugins/com.st.stm32cube.ide.mcu.externaltools.gnu-tools-for-stm32.11.3.rel1.win32_1.1.0.202305231506/tools/bin/../lib/gcc/arm-none-eabi/11.3.1/../../../../arm-none-eabi/lib/thumb/v7e-m+fp/hard\libc_nano.a(libc_a-findfp.o)
                0x000000000800a0cc                __sfp_lock_release
 .text.__sinit  0x000000000800a0d8       0x30 D:/STM/STM32CubeIDE_1.13.0/STM32CubeIDE/plugins/com.st.stm32cube.ide.mcu.externaltools.gnu-tools-for-stm32.11.3.rel1.win32_1.1.0.202305231506/tools/bin/../lib/gcc/arm-none-eabi/11.3.1/../../../../arm-none-eabi/lib/thumb/v7e-m+fp/hard\libc_nano.a(libc_a-findfp.o)
                0x000000000800a0d8                __sinit
 .text._fwalk_sglue
                0x000000000800a108       0x3c D:/STM/STM32CubeIDE_1.13.0/STM32CubeIDE/plugins/com.st.stm32cube.ide.mcu.externaltools.gnu-tools-for-stm32.11.3.rel1.win32_1.1.0.202305231506/tools/bin/../lib/gcc/arm-none-eabi/11.3.1/../../../../arm-none-eabi/lib/thumb/v7e-m+fp/hard\libc_nano.a(libc_a-fwalk.o)
                0x000000000800a108                _fwalk_sglue
 .text.printf   0x000000000800a144       0x24 D:/STM/STM32CubeIDE_1.13.0/STM32CubeIDE/plugins/com.st.stm32cube.ide.mcu.externaltools.gnu-tools-for-stm32.11.3.rel1.win32_1.1.0.202305231506/tools/bin/../lib/gcc/arm-none-eabi/11.3.1/../../../../arm-none-eabi/lib/thumb/v7e-m+fp/hard\libc_nano.a(libc_a-printf.o)
                0x000000000800a144                iprintf
                0x000000000800a144                printf
 .text.putchar  0x000000000800a168       0x10 D:/STM/STM32CubeIDE_1.13.0/STM32CubeIDE/plugins/com.st.stm32cube.ide.mcu.externaltools.gnu-tools-for-stm32.11.3.rel1.win32_1.1.0.202305231506/tools/bin/../lib/gcc/arm-none-eabi/11.3.1/../../../../arm-none-eabi/lib/thumb/v7e-m+fp/hard\libc_nano.a(libc_a-putchar.o)
                0x000000000800a168                putchar
 .text.sprintf  0x000000000800a178       0x40 D:/STM/STM32CubeIDE_1.13.0/STM32CubeIDE/plugins/com.st.stm32cube.ide.mcu.externaltools.gnu-tools-for-stm32.11.3.rel1.win32_1.1.0.202305231506/tools/bin/../lib/gcc/arm-none-eabi/11.3.1/../../../../arm-none-eabi/lib/thumb/v7e-m+fp/hard\libc_nano.a(libc_a-sprintf.o)
                0x000000000800a178                siprintf
                0x000000000800a178                sprintf
 .text.__sread  0x000000000800a1b8       0x22 D:/STM/STM32CubeIDE_1.13.0/STM32CubeIDE/plugins/com.st.stm32cube.ide.mcu.externaltools.gnu-tools-for-stm32.11.3.rel1.win32_1.1.0.202305231506/tools/bin/../lib/gcc/arm-none-eabi/11.3.1/../../../../arm-none-eabi/lib/thumb/v7e-m+fp/hard\libc_nano.a(libc_a-stdio.o)
                0x000000000800a1b8                __sread
 .text.__swrite
                0x000000000800a1da       0x38 D:/STM/STM32CubeIDE_1.13.0/STM32CubeIDE/plugins/com.st.stm32cube.ide.mcu.externaltools.gnu-tools-for-stm32.11.3.rel1.win32_1.1.0.202305231506/tools/bin/../lib/gcc/arm-none-eabi/11.3.1/../../../../arm-none-eabi/lib/thumb/v7e-m+fp/hard\libc_nano.a(libc_a-stdio.o)
                0x000000000800a1da                __swrite
 .text.__sseek  0x000000000800a212       0x24 D:/STM/STM32CubeIDE_1.13.0/STM32CubeIDE/plugins/com.st.stm32cube.ide.mcu.externaltools.gnu-tools-for-stm32.11.3.rel1.win32_1.1.0.202305231506/tools/bin/../lib/gcc/arm-none-eabi/11.3.1/../../../../arm-none-eabi/lib/thumb/v7e-m+fp/hard\libc_nano.a(libc_a-stdio.o)
                0x000000000800a212                __sseek
 .text.__sclose
                0x000000000800a236        0x8 D:/STM/STM32CubeIDE_1.13.0/STM32CubeIDE/plugins/com.st.stm32cube.ide.mcu.externaltools.gnu-tools-for-stm32.11.3.rel1.win32_1.1.0.202305231506/tools/bin/../lib/gcc/arm-none-eabi/11.3.1/../../../../arm-none-eabi/lib/thumb/v7e-m+fp/hard\libc_nano.a(libc_a-stdio.o)
                0x000000000800a236                __sclose
 .text.memset   0x000000000800a23e       0x10 D:/STM/STM32CubeIDE_1.13.0/STM32CubeIDE/plugins/com.st.stm32cube.ide.mcu.externaltools.gnu-tools-for-stm32.11.3.rel1.win32_1.1.0.202305231506/tools/bin/../lib/gcc/arm-none-eabi/11.3.1/../../../../arm-none-eabi/lib/thumb/v7e-m+fp/hard\libc_nano.a(libc_a-memset.o)
                0x000000000800a23e                memset
 *fill*         0x000000000800a24e        0x2 
 .text._close_r
                0x000000000800a250       0x20 D:/STM/STM32CubeIDE_1.13.0/STM32CubeIDE/plugins/com.st.stm32cube.ide.mcu.externaltools.gnu-tools-for-stm32.11.3.rel1.win32_1.1.0.202305231506/tools/bin/../lib/gcc/arm-none-eabi/11.3.1/../../../../arm-none-eabi/lib/thumb/v7e-m+fp/hard\libc_nano.a(libc_a-closer.o)
                0x000000000800a250                _close_r
 .text._lseek_r
                0x000000000800a270       0x24 D:/STM/STM32CubeIDE_1.13.0/STM32CubeIDE/plugins/com.st.stm32cube.ide.mcu.externaltools.gnu-tools-for-stm32.11.3.rel1.win32_1.1.0.202305231506/tools/bin/../lib/gcc/arm-none-eabi/11.3.1/../../../../arm-none-eabi/lib/thumb/v7e-m+fp/hard\libc_nano.a(libc_a-lseekr.o)
                0x000000000800a270                _lseek_r
 .text._read_r  0x000000000800a294       0x24 D:/STM/STM32CubeIDE_1.13.0/STM32CubeIDE/plugins/com.st.stm32cube.ide.mcu.externaltools.gnu-tools-for-stm32.11.3.rel1.win32_1.1.0.202305231506/tools/bin/../lib/gcc/arm-none-eabi/11.3.1/../../../../arm-none-eabi/lib/thumb/v7e-m+fp/hard\libc_nano.a(libc_a-readr.o)
                0x000000000800a294                _read_r
 .text._write_r
                0x000000000800a2b8       0x24 D:/STM/STM32CubeIDE_1.13.0/STM32CubeIDE/plugins/com.st.stm32cube.ide.mcu.externaltools.gnu-tools-for-stm32.11.3.rel1.win32_1.1.0.202305231506/tools/bin/../lib/gcc/arm-none-eabi/11.3.1/../../../../arm-none-eabi/lib/thumb/v7e-m+fp/hard\libc_nano.a(libc_a-writer.o)
                0x000000000800a2b8                _write_r
 .text.__errno  0x000000000800a2dc        0xc D:/STM/STM32CubeIDE_1.13.0/STM32CubeIDE/plugins/com.st.stm32cube.ide.mcu.externaltools.gnu-tools-for-stm32.11.3.rel1.win32_1.1.0.202305231506/tools/bin/../lib/gcc/arm-none-eabi/11.3.1/../../../../arm-none-eabi/lib/thumb/v7e-m+fp/hard\libc_nano.a(libc_a-errno.o)
                0x000000000800a2dc                __errno
 .text.__libc_init_array
                0x000000000800a2e8       0x48 D:/STM/STM32CubeIDE_1.13.0/STM32CubeIDE/plugins/com.st.stm32cube.ide.mcu.externaltools.gnu-tools-for-stm32.11.3.rel1.win32_1.1.0.202305231506/tools/bin/../lib/gcc/arm-none-eabi/11.3.1/../../../../arm-none-eabi/lib/thumb/v7e-m+fp/hard\libc_nano.a(libc_a-init.o)
                0x000000000800a2e8                __libc_init_array
 .text.__retarget_lock_acquire_recursive
                0x000000000800a330        0x2 D:/STM/STM32CubeIDE_1.13.0/STM32CubeIDE/plugins/com.st.stm32cube.ide.mcu.externaltools.gnu-tools-for-stm32.11.3.rel1.win32_1.1.0.202305231506/tools/bin/../lib/gcc/arm-none-eabi/11.3.1/../../../../arm-none-eabi/lib/thumb/v7e-m+fp/hard\libc_nano.a(libc_a-lock.o)
                0x000000000800a330                __retarget_lock_acquire_recursive
 .text.__retarget_lock_release_recursive
                0x000000000800a332        0x2 D:/STM/STM32CubeIDE_1.13.0/STM32CubeIDE/plugins/com.st.stm32cube.ide.mcu.externaltools.gnu-tools-for-stm32.11.3.rel1.win32_1.1.0.202305231506/tools/bin/../lib/gcc/arm-none-eabi/11.3.1/../../../../arm-none-eabi/lib/thumb/v7e-m+fp/hard\libc_nano.a(libc_a-lock.o)
                0x000000000800a332                __retarget_lock_release_recursive
 .text.memcpy   0x000000000800a334       0x1c D:/STM/STM32CubeIDE_1.13.0/STM32CubeIDE/plugins/com.st.stm32cube.ide.mcu.externaltools.gnu-tools-for-stm32.11.3.rel1.win32_1.1.0.202305231506/tools/bin/../lib/gcc/arm-none-eabi/11.3.1/../../../../arm-none-eabi/lib/thumb/v7e-m+fp/hard\libc_nano.a(libc_a-memcpy-stub.o)
                0x000000000800a334                memcpy
 .text._free_r  0x000000000800a350       0x98 D:/STM/STM32CubeIDE_1.13.0/STM32CubeIDE/plugins/com.st.stm32cube.ide.mcu.externaltools.gnu-tools-for-stm32.11.3.rel1.win32_1.1.0.202305231506/tools/bin/../lib/gcc/arm-none-eabi/11.3.1/../../../../arm-none-eabi/lib/thumb/v7e-m+fp/hard\libc_nano.a(libc_a-freer.o)
                0x000000000800a350                _free_r
 .text.sbrk_aligned
                0x000000000800a3e8       0x40 D:/STM/STM32CubeIDE_1.13.0/STM32CubeIDE/plugins/com.st.stm32cube.ide.mcu.externaltools.gnu-tools-for-stm32.11.3.rel1.win32_1.1.0.202305231506/tools/bin/../lib/gcc/arm-none-eabi/11.3.1/../../../../arm-none-eabi/lib/thumb/v7e-m+fp/hard\libc_nano.a(libc_a-mallocr.o)
 .text._malloc_r
                0x000000000800a428      0x100 D:/STM/STM32CubeIDE_1.13.0/STM32CubeIDE/plugins/com.st.stm32cube.ide.mcu.externaltools.gnu-tools-for-stm32.11.3.rel1.win32_1.1.0.202305231506/tools/bin/../lib/gcc/arm-none-eabi/11.3.1/../../../../arm-none-eabi/lib/thumb/v7e-m+fp/hard\libc_nano.a(libc_a-mallocr.o)
                0x000000000800a428                _malloc_r
 .text.__malloc_lock
                0x000000000800a528        0xc D:/STM/STM32CubeIDE_1.13.0/STM32CubeIDE/plugins/com.st.stm32cube.ide.mcu.externaltools.gnu-tools-for-stm32.11.3.rel1.win32_1.1.0.202305231506/tools/bin/../lib/gcc/arm-none-eabi/11.3.1/../../../../arm-none-eabi/lib/thumb/v7e-m+fp/hard\libc_nano.a(libc_a-mlock.o)
                0x000000000800a528                __malloc_lock
 .text.__malloc_unlock
                0x000000000800a534        0xc D:/STM/STM32CubeIDE_1.13.0/STM32CubeIDE/plugins/com.st.stm32cube.ide.mcu.externaltools.gnu-tools-for-stm32.11.3.rel1.win32_1.1.0.202305231506/tools/bin/../lib/gcc/arm-none-eabi/11.3.1/../../../../arm-none-eabi/lib/thumb/v7e-m+fp/hard\libc_nano.a(libc_a-mlock.o)
                0x000000000800a534                __malloc_unlock
 .text.__ssputs_r
                0x000000000800a540       0xb4 D:/STM/STM32CubeIDE_1.13.0/STM32CubeIDE/plugins/com.st.stm32cube.ide.mcu.externaltools.gnu-tools-for-stm32.11.3.rel1.win32_1.1.0.202305231506/tools/bin/../lib/gcc/arm-none-eabi/11.3.1/../../../../arm-none-eabi/lib/thumb/v7e-m+fp/hard\libc_nano.a(libc_a-nano-svfprintf.o)
                0x000000000800a540                __ssputs_r
 .text._svfprintf_r
                0x000000000800a5f4      0x1fc D:/STM/STM32CubeIDE_1.13.0/STM32CubeIDE/plugins/com.st.stm32cube.ide.mcu.externaltools.gnu-tools-for-stm32.11.3.rel1.win32_1.1.0.202305231506/tools/bin/../lib/gcc/arm-none-eabi/11.3.1/../../../../arm-none-eabi/lib/thumb/v7e-m+fp/hard\libc_nano.a(libc_a-nano-svfprintf.o)
                0x000000000800a5f4                _svfiprintf_r
                0x000000000800a5f4                _svfprintf_r
 .text.__sfputc_r
                0x000000000800a7f0       0x2e D:/STM/STM32CubeIDE_1.13.0/STM32CubeIDE/plugins/com.st.stm32cube.ide.mcu.externaltools.gnu-tools-for-stm32.11.3.rel1.win32_1.1.0.202305231506/tools/bin/../lib/gcc/arm-none-eabi/11.3.1/../../../../arm-none-eabi/lib/thumb/v7e-m+fp/hard\libc_nano.a(libc_a-nano-vfprintf.o)
 .text.__sfputs_r
                0x000000000800a81e       0x24 D:/STM/STM32CubeIDE_1.13.0/STM32CubeIDE/plugins/com.st.stm32cube.ide.mcu.externaltools.gnu-tools-for-stm32.11.3.rel1.win32_1.1.0.202305231506/tools/bin/../lib/gcc/arm-none-eabi/11.3.1/../../../../arm-none-eabi/lib/thumb/v7e-m+fp/hard\libc_nano.a(libc_a-nano-vfprintf.o)
                0x000000000800a81e                __sfputs_r
 *fill*         0x000000000800a842        0x2 
 .text._vfprintf_r
                0x000000000800a844      0x234 D:/STM/STM32CubeIDE_1.13.0/STM32CubeIDE/plugins/com.st.stm32cube.ide.mcu.externaltools.gnu-tools-for-stm32.11.3.rel1.win32_1.1.0.202305231506/tools/bin/../lib/gcc/arm-none-eabi/11.3.1/../../../../arm-none-eabi/lib/thumb/v7e-m+fp/hard\libc_nano.a(libc_a-nano-vfprintf.o)
                0x000000000800a844                _vfprintf_r
                0x000000000800a844                _vfiprintf_r
 .text._printf_common
                0x000000000800aa78       0xda D:/STM/STM32CubeIDE_1.13.0/STM32CubeIDE/plugins/com.st.stm32cube.ide.mcu.externaltools.gnu-tools-for-stm32.11.3.rel1.win32_1.1.0.202305231506/tools/bin/../lib/gcc/arm-none-eabi/11.3.1/../../../../arm-none-eabi/lib/thumb/v7e-m+fp/hard\libc_nano.a(libc_a-nano-vfprintf_i.o)
                0x000000000800aa78                _printf_common
 *fill*         0x000000000800ab52        0x2 
 .text._printf_i
                0x000000000800ab54      0x244 D:/STM/STM32CubeIDE_1.13.0/STM32CubeIDE/plugins/com.st.stm32cube.ide.mcu.externaltools.gnu-tools-for-stm32.11.3.rel1.win32_1.1.0.202305231506/tools/bin/../lib/gcc/arm-none-eabi/11.3.1/../../../../arm-none-eabi/lib/thumb/v7e-m+fp/hard\libc_nano.a(libc_a-nano-vfprintf_i.o)
                0x000000000800ab54                _printf_i
 .text.__sflush_r
                0x000000000800ad98      0x10c D:/STM/STM32CubeIDE_1.13.0/STM32CubeIDE/plugins/com.st.stm32cube.ide.mcu.externaltools.gnu-tools-for-stm32.11.3.rel1.win32_1.1.0.202305231506/tools/bin/../lib/gcc/arm-none-eabi/11.3.1/../../../../arm-none-eabi/lib/thumb/v7e-m+fp/hard\libc_nano.a(libc_a-fflush.o)
                0x000000000800ad98                __sflush_r
 .text._fflush_r
                0x000000000800aea4       0x50 D:/STM/STM32CubeIDE_1.13.0/STM32CubeIDE/plugins/com.st.stm32cube.ide.mcu.externaltools.gnu-tools-for-stm32.11.3.rel1.win32_1.1.0.202305231506/tools/bin/../lib/gcc/arm-none-eabi/11.3.1/../../../../arm-none-eabi/lib/thumb/v7e-m+fp/hard\libc_nano.a(libc_a-fflush.o)
                0x000000000800aea4                _fflush_r
 .text._putc_r  0x000000000800aef4       0x68 D:/STM/STM32CubeIDE_1.13.0/STM32CubeIDE/plugins/com.st.stm32cube.ide.mcu.externaltools.gnu-tools-for-stm32.11.3.rel1.win32_1.1.0.202305231506/tools/bin/../lib/gcc/arm-none-eabi/11.3.1/../../../../arm-none-eabi/lib/thumb/v7e-m+fp/hard\libc_nano.a(libc_a-putc.o)
                0x000000000800aef4                _putc_r
 .text.__swbuf_r
                0x000000000800af5c       0x7a D:/STM/STM32CubeIDE_1.13.0/STM32CubeIDE/plugins/com.st.stm32cube.ide.mcu.externaltools.gnu-tools-for-stm32.11.3.rel1.win32_1.1.0.202305231506/tools/bin/../lib/gcc/arm-none-eabi/11.3.1/../../../../arm-none-eabi/lib/thumb/v7e-m+fp/hard\libc_nano.a(libc_a-wbuf.o)
                0x000000000800af5c                __swbuf_r
 *fill*         0x000000000800afd6        0x2 
 .text.__swsetup_r
                0x000000000800afd8       0xb0 D:/STM/STM32CubeIDE_1.13.0/STM32CubeIDE/plugins/com.st.stm32cube.ide.mcu.externaltools.gnu-tools-for-stm32.11.3.rel1.win32_1.1.0.202305231506/tools/bin/../lib/gcc/arm-none-eabi/11.3.1/../../../../arm-none-eabi/lib/thumb/v7e-m+fp/hard\libc_nano.a(libc_a-wsetup.o)
                0x000000000800afd8                __swsetup_r
 .text.memmove  0x000000000800b088       0x34 D:/STM/STM32CubeIDE_1.13.0/STM32CubeIDE/plugins/com.st.stm32cube.ide.mcu.externaltools.gnu-tools-for-stm32.11.3.rel1.win32_1.1.0.202305231506/tools/bin/../lib/gcc/arm-none-eabi/11.3.1/../../../../arm-none-eabi/lib/thumb/v7e-m+fp/hard\libc_nano.a(libc_a-memmove.o)
                0x000000000800b088                memmove
 .text._sbrk_r  0x000000000800b0bc       0x20 D:/STM/STM32CubeIDE_1.13.0/STM32CubeIDE/plugins/com.st.stm32cube.ide.mcu.externaltools.gnu-tools-for-stm32.11.3.rel1.win32_1.1.0.202305231506/tools/bin/../lib/gcc/arm-none-eabi/11.3.1/../../../../arm-none-eabi/lib/thumb/v7e-m+fp/hard\libc_nano.a(libc_a-sbrkr.o)
                0x000000000800b0bc                _sbrk_r
 .text._realloc_r
                0x000000000800b0dc       0x5e D:/STM/STM32CubeIDE_1.13.0/STM32CubeIDE/plugins/com.st.stm32cube.ide.mcu.externaltools.gnu-tools-for-stm32.11.3.rel1.win32_1.1.0.202305231506/tools/bin/../lib/gcc/arm-none-eabi/11.3.1/../../../../arm-none-eabi/lib/thumb/v7e-m+fp/hard\libc_nano.a(libc_a-reallocr.o)
                0x000000000800b0dc                _realloc_r
 .text.__swhatbuf_r
                0x000000000800b13a       0x4c D:/STM/STM32CubeIDE_1.13.0/STM32CubeIDE/plugins/com.st.stm32cube.ide.mcu.externaltools.gnu-tools-for-stm32.11.3.rel1.win32_1.1.0.202305231506/tools/bin/../lib/gcc/arm-none-eabi/11.3.1/../../../../arm-none-eabi/lib/thumb/v7e-m+fp/hard\libc_nano.a(libc_a-makebuf.o)
                0x000000000800b13a                __swhatbuf_r
 .text.__smakebuf_r
                0x000000000800b186       0x78 D:/STM/STM32CubeIDE_1.13.0/STM32CubeIDE/plugins/com.st.stm32cube.ide.mcu.externaltools.gnu-tools-for-stm32.11.3.rel1.win32_1.1.0.202305231506/tools/bin/../lib/gcc/arm-none-eabi/11.3.1/../../../../arm-none-eabi/lib/thumb/v7e-m+fp/hard\libc_nano.a(libc_a-makebuf.o)
                0x000000000800b186                __smakebuf_r
 *fill*         0x000000000800b1fe        0x2 
 .text._fstat_r
                0x000000000800b200       0x24 D:/STM/STM32CubeIDE_1.13.0/STM32CubeIDE/plugins/com.st.stm32cube.ide.mcu.externaltools.gnu-tools-for-stm32.11.3.rel1.win32_1.1.0.202305231506/tools/bin/../lib/gcc/arm-none-eabi/11.3.1/../../../../arm-none-eabi/lib/thumb/v7e-m+fp/hard\libc_nano.a(libc_a-fstatr.o)
                0x000000000800b200                _fstat_r
 .text._isatty_r
                0x000000000800b224       0x20 D:/STM/STM32CubeIDE_1.13.0/STM32CubeIDE/plugins/com.st.stm32cube.ide.mcu.externaltools.gnu-tools-for-stm32.11.3.rel1.win32_1.1.0.202305231506/tools/bin/../lib/gcc/arm-none-eabi/11.3.1/../../../../arm-none-eabi/lib/thumb/v7e-m+fp/hard\libc_nano.a(libc_a-isattyr.o)
                0x000000000800b224                _isatty_r
 .text._malloc_usable_size_r
                0x000000000800b244       0x10 D:/STM/STM32CubeIDE_1.13.0/STM32CubeIDE/plugins/com.st.stm32cube.ide.mcu.externaltools.gnu-tools-for-stm32.11.3.rel1.win32_1.1.0.202305231506/tools/bin/../lib/gcc/arm-none-eabi/11.3.1/../../../../arm-none-eabi/lib/thumb/v7e-m+fp/hard\libc_nano.a(libc_a-msizer.o)
                0x000000000800b244                _malloc_usable_size_r
 *(.glue_7)
 .glue_7        0x000000000800b254        0x0 linker stubs
 *(.glue_7t)
 .glue_7t       0x000000000800b254        0x0 linker stubs
 *(.eh_frame)
 .eh_frame      0x000000000800b254        0x0 D:/STM/STM32CubeIDE_1.13.0/STM32CubeIDE/plugins/com.st.stm32cube.ide.mcu.externaltools.gnu-tools-for-stm32.11.3.rel1.win32_1.1.0.202305231506/tools/bin/../lib/gcc/arm-none-eabi/11.3.1/thumb/v7e-m+fp/hard/crtbegin.o
 *(.init)
 .init          0x000000000800b254        0x4 D:/STM/STM32CubeIDE_1.13.0/STM32CubeIDE/plugins/com.st.stm32cube.ide.mcu.externaltools.gnu-tools-for-stm32.11.3.rel1.win32_1.1.0.202305231506/tools/bin/../lib/gcc/arm-none-eabi/11.3.1/thumb/v7e-m+fp/hard/crti.o
                0x000000000800b254                _init
 .init          0x000000000800b258        0x8 D:/STM/STM32CubeIDE_1.13.0/STM32CubeIDE/plugins/com.st.stm32cube.ide.mcu.externaltools.gnu-tools-for-stm32.11.3.rel1.win32_1.1.0.202305231506/tools/bin/../lib/gcc/arm-none-eabi/11.3.1/thumb/v7e-m+fp/hard/crtn.o
 *(.fini)
 .fini          0x000000000800b260        0x4 D:/STM/STM32CubeIDE_1.13.0/STM32CubeIDE/plugins/com.st.stm32cube.ide.mcu.externaltools.gnu-tools-for-stm32.11.3.rel1.win32_1.1.0.202305231506/tools/bin/../lib/gcc/arm-none-eabi/11.3.1/thumb/v7e-m+fp/hard/crti.o
                0x000000000800b260                _fini
 .fini          0x000000000800b264        0x8 D:/STM/STM32CubeIDE_1.13.0/STM32CubeIDE/plugins/com.st.stm32cube.ide.mcu.externaltools.gnu-tools-for-stm32.11.3.rel1.win32_1.1.0.202305231506/tools/bin/../lib/gcc/arm-none-eabi/11.3.1/thumb/v7e-m+fp/hard/crtn.o
                0x000000000800b26c                . = ALIGN (0x4)
                0x000000000800b26c                _etext = .

.vfp11_veneer   0x000000000800b26c        0x0
 .vfp11_veneer  0x000000000800b26c        0x0 linker stubs

.v4_bx          0x000000000800b26c        0x0
 .v4_bx         0x000000000800b26c        0x0 linker stubs

.iplt           0x000000000800b26c        0x0
 .iplt          0x000000000800b26c        0x0 D:/STM/STM32CubeIDE_1.13.0/STM32CubeIDE/plugins/com.st.stm32cube.ide.mcu.externaltools.gnu-tools-for-stm32.11.3.rel1.win32_1.1.0.202305231506/tools/bin/../lib/gcc/arm-none-eabi/11.3.1/thumb/v7e-m+fp/hard/crtbegin.o

.rodata         0x000000000800b26c      0x20c
                0x000000000800b26c                . = ALIGN (0x4)
 *(.rodata)
 .rodata        0x000000000800b26c       0x37 ./Core/Src/main.o
 *fill*         0x000000000800b2a3        0x1 
 .rodata        0x000000000800b2a4       0x35 ./Middlewares/USB_Device_Library/usbd_core.o
 *fill*         0x000000000800b2d9        0x3 
 .rodata        0x000000000800b2dc       0x36 ./USB_DEVICE/App/usbd_desc.o
 *(.rodata*)
 *fill*         0x000000000800b312        0x2 
 .rodata.AHBPrescTable
                0x000000000800b314       0x10 ./Core/Src/system_stm32f3xx.o
                0x000000000800b314                AHBPrescTable
 .rodata.aPLLMULFactorTable
                0x000000000800b324       0x10 ./Drivers/STM32F3xx_HAL_Driver/stm32f3xx_hal_rcc.o
 .rodata.aPredivFactorTable
                0x000000000800b334       0x10 ./Drivers/STM32F3xx_HAL_Driver/stm32f3xx_hal_rcc.o
 .rodata._ctype_
                0x000000000800b344      0x101 D:/STM/STM32CubeIDE_1.13.0/STM32CubeIDE/plugins/com.st.stm32cube.ide.mcu.externaltools.gnu-tools-for-stm32.11.3.rel1.win32_1.1.0.202305231506/tools/bin/../lib/gcc/arm-none-eabi/11.3.1/../../../../arm-none-eabi/lib/thumb/v7e-m+fp/hard\libc_nano.a(libc_a-ctype_.o)
                0x000000000800b344                _ctype_
 .rodata._svfprintf_r.str1.1
                0x000000000800b445       0x11 D:/STM/STM32CubeIDE_1.13.0/STM32CubeIDE/plugins/com.st.stm32cube.ide.mcu.externaltools.gnu-tools-for-stm32.11.3.rel1.win32_1.1.0.202305231506/tools/bin/../lib/gcc/arm-none-eabi/11.3.1/../../../../arm-none-eabi/lib/thumb/v7e-m+fp/hard\libc_nano.a(libc_a-nano-svfprintf.o)
 .rodata._vfprintf_r.str1.1
                0x000000000800b456       0x11 D:/STM/STM32CubeIDE_1.13.0/STM32CubeIDE/plugins/com.st.stm32cube.ide.mcu.externaltools.gnu-tools-for-stm32.11.3.rel1.win32_1.1.0.202305231506/tools/bin/../lib/gcc/arm-none-eabi/11.3.1/../../../../arm-none-eabi/lib/thumb/v7e-m+fp/hard\libc_nano.a(libc_a-nano-vfprintf.o)
 .rodata._printf_i.str1.1
                0x000000000800b456       0x22 D:/STM/STM32CubeIDE_1.13.0/STM32CubeIDE/plugins/com.st.stm32cube.ide.mcu.externaltools.gnu-tools-for-stm32.11.3.rel1.win32_1.1.0.202305231506/tools/bin/../lib/gcc/arm-none-eabi/11.3.1/../../../../arm-none-eabi/lib/thumb/v7e-m+fp/hard\libc_nano.a(libc_a-nano-vfprintf_i.o)
                0x000000000800b478                . = ALIGN (0x4)

.rel.dyn        0x000000000800b478        0x0
 .rel.iplt      0x000000000800b478        0x0 D:/STM/STM32CubeIDE_1.13.0/STM32CubeIDE/plugins/com.st.stm32cube.ide.mcu.externaltools.gnu-tools-for-stm32.11.3.rel1.win32_1.1.0.202305231506/tools/bin/../lib/gcc/arm-none-eabi/11.3.1/thumb/v7e-m+fp/hard/crtbegin.o

.ARM.extab      0x000000000800b478        0x0
                0x000000000800b478                . = ALIGN (0x4)
 *(.ARM.extab* .gnu.linkonce.armextab.*)
                0x000000000800b478                . = ALIGN (0x4)

.ARM            0x000000000800b478        0x0
                0x000000000800b478                . = ALIGN (0x4)
                0x000000000800b478                __exidx_start = .
 *(.ARM.exidx*)
                0x000000000800b478                __exidx_end = .
                0x000000000800b478                . = ALIGN (0x4)

.preinit_array  0x000000000800b478        0x0
                0x000000000800b478                . = ALIGN (0x4)
                0x000000000800b478                PROVIDE (__preinit_array_start = .)
 *(.preinit_array*)
                0x000000000800b478                PROVIDE (__preinit_array_end = .)
                0x000000000800b478                . = ALIGN (0x4)

.init_array     0x000000000800b478        0x4
                0x000000000800b478                . = ALIGN (0x4)
                0x000000000800b478                PROVIDE (__init_array_start = .)
 *(SORT_BY_NAME(.init_array.*))
 *(.init_array*)
 .init_array    0x000000000800b478        0x4 D:/STM/STM32CubeIDE_1.13.0/STM32CubeIDE/plugins/com.st.stm32cube.ide.mcu.externaltools.gnu-tools-for-stm32.11.3.rel1.win32_1.1.0.202305231506/tools/bin/../lib/gcc/arm-none-eabi/11.3.1/thumb/v7e-m+fp/hard/crtbegin.o
                0x000000000800b47c                PROVIDE (__init_array_end = .)
                0x000000000800b47c                . = ALIGN (0x4)

.fini_array     0x000000000800b47c        0x4
                0x000000000800b47c                . = ALIGN (0x4)
                [!provide]                        PROVIDE (__fini_array_start = .)
 *(SORT_BY_NAME(.fini_array.*))
 *(.fini_array*)
 .fini_array    0x000000000800b47c        0x4 D:/STM/STM32CubeIDE_1.13.0/STM32CubeIDE/plugins/com.st.stm32cube.ide.mcu.externaltools.gnu-tools-for-stm32.11.3.rel1.win32_1.1.0.202305231506/tools/bin/../lib/gcc/arm-none-eabi/11.3.1/thumb/v7e-m+fp/hard/crtbegin.o
                [!provide]                        PROVIDE (__fini_array_end = .)
                0x000000000800b480                . = ALIGN (0x4)
                0x000000000800b480                _sidata = LOADADDR (.data)

.data           0x0000000020000000      0x1d8 load address 0x000000000800b480
                0x0000000020000000                . = ALIGN (0x4)
                0x0000000020000000                _sdata = .
 *(.data)
 *(.data*)
 .data.SystemCoreClock
                0x0000000020000000        0x4 ./Core/Src/system_stm32f3xx.o
                0x0000000020000000                SystemCoreClock
 .data.uwTickPrio
                0x0000000020000004        0x4 ./Drivers/STM32F3xx_HAL_Driver/stm32f3xx_hal.o
                0x0000000020000004                uwTickPrio
 .data.uwTickFreq
                0x0000000020000008        0x1 ./Drivers/STM32F3xx_HAL_Driver/stm32f3xx_hal.o
                0x0000000020000008                uwTickFreq
 *fill*         0x0000000020000009        0x3 
 .data.USBD_CDC_DeviceQualifierDesc
                0x000000002000000c        0xa ./Middlewares/USB_Device_Library/usbd_cdc.o
 *fill*         0x0000000020000016        0x2 
 .data.USBD_CDC
                0x0000000020000018       0x38 ./Middlewares/USB_Device_Library/usbd_cdc.o
                0x0000000020000018                USBD_CDC
 .data.USBD_CDC_CfgHSDesc
                0x0000000020000050       0x43 ./Middlewares/USB_Device_Library/usbd_cdc.o
                0x0000000020000050                USBD_CDC_CfgHSDesc
 *fill*         0x0000000020000093        0x1 
 .data.USBD_CDC_CfgFSDesc
                0x0000000020000094       0x43 ./Middlewares/USB_Device_Library/usbd_cdc.o
                0x0000000020000094                USBD_CDC_CfgFSDesc
 *fill*         0x00000000200000d7        0x1 
 .data.USBD_CDC_OtherSpeedCfgDesc
                0x00000000200000d8       0x43 ./Middlewares/USB_Device_Library/usbd_cdc.o
                0x00000000200000d8                USBD_CDC_OtherSpeedCfgDesc
 *fill*         0x000000002000011b        0x1 
 .data.USBD_Interface_fops_FS
                0x000000002000011c       0x10 ./USB_DEVICE/App/usbd_cdc_if.o
                0x000000002000011c                USBD_Interface_fops_FS
 .data.FS_Desc  0x000000002000012c       0x1c ./USB_DEVICE/App/usbd_desc.o
                0x000000002000012c                FS_Desc
 .data.USBD_FS_DeviceDesc
                0x0000000020000148       0x12 ./USB_DEVICE/App/usbd_desc.o
                0x0000000020000148                USBD_FS_DeviceDesc
 *fill*         0x000000002000015a        0x2 
 .data.USBD_LangIDDesc
                0x000000002000015c        0x4 ./USB_DEVICE/App/usbd_desc.o
                0x000000002000015c                USBD_LangIDDesc
 .data.USBD_StringSerial
                0x0000000020000160       0x1a ./USB_DEVICE/App/usbd_desc.o
                0x0000000020000160                USBD_StringSerial
 *fill*         0x000000002000017a        0x2 
 .data.__sglue  0x000000002000017c        0xc D:/STM/STM32CubeIDE_1.13.0/STM32CubeIDE/plugins/com.st.stm32cube.ide.mcu.externaltools.gnu-tools-for-stm32.11.3.rel1.win32_1.1.0.202305231506/tools/bin/../lib/gcc/arm-none-eabi/11.3.1/../../../../arm-none-eabi/lib/thumb/v7e-m+fp/hard\libc_nano.a(libc_a-findfp.o)
                0x000000002000017c                __sglue
 .data._impure_data
                0x0000000020000188       0x4c D:/STM/STM32CubeIDE_1.13.0/STM32CubeIDE/plugins/com.st.stm32cube.ide.mcu.externaltools.gnu-tools-for-stm32.11.3.rel1.win32_1.1.0.202305231506/tools/bin/../lib/gcc/arm-none-eabi/11.3.1/../../../../arm-none-eabi/lib/thumb/v7e-m+fp/hard\libc_nano.a(libc_a-impure.o)
                0x0000000020000188                _impure_data
 .data._impure_ptr
                0x00000000200001d4        0x4 D:/STM/STM32CubeIDE_1.13.0/STM32CubeIDE/plugins/com.st.stm32cube.ide.mcu.externaltools.gnu-tools-for-stm32.11.3.rel1.win32_1.1.0.202305231506/tools/bin/../lib/gcc/arm-none-eabi/11.3.1/../../../../arm-none-eabi/lib/thumb/v7e-m+fp/hard\libc_nano.a(libc_a-impure.o)
                0x00000000200001d4                _impure_ptr
 *(.RamFunc)
 *(.RamFunc*)
                0x00000000200001d8                . = ALIGN (0x4)
                0x00000000200001d8                _edata = .
                0x000000000800b658                _siccmram = LOADADDR (.ccmram)

.igot.plt       0x00000000200001d8        0x0 load address 0x000000000800b658
 .igot.plt      0x00000000200001d8        0x0 D:/STM/STM32CubeIDE_1.13.0/STM32CubeIDE/plugins/com.st.stm32cube.ide.mcu.externaltools.gnu-tools-for-stm32.11.3.rel1.win32_1.1.0.202305231506/tools/bin/../lib/gcc/arm-none-eabi/11.3.1/thumb/v7e-m+fp/hard/crtbegin.o

.ccmram         0x0000000010000000        0x0 load address 0x000000000800b658
                0x0000000010000000                . = ALIGN (0x4)
                0x0000000010000000                _sccmram = .
 *(.ccmram)
 *(.ccmram*)
                0x0000000010000000                . = ALIGN (0x4)
                0x0000000010000000                _eccmram = .
                0x0000000010000000                . = ALIGN (0x4)

.bss            0x00000000200001d8     0x13a0
                0x00000000200001d8                _sbss = .
                0x00000000200001d8                __bss_start__ = _sbss
 *(.bss)
 .bss           0x00000000200001d8       0x1c D:/STM/STM32CubeIDE_1.13.0/STM32CubeIDE/plugins/com.st.stm32cube.ide.mcu.externaltools.gnu-tools-for-stm32.11.3.rel1.win32_1.1.0.202305231506/tools/bin/../lib/gcc/arm-none-eabi/11.3.1/thumb/v7e-m+fp/hard/crtbegin.o
 *(.bss*)
 .bss.hcan      0x00000000200001f4       0x28 ./Core/Src/main.o
                0x00000000200001f4                hcan
 .bss.RxHeader  0x000000002000021c       0x1c ./Core/Src/main.o
                0x000000002000021c                RxHeader
 .bss.RxData    0x0000000020000238        0x8 ./Core/Src/main.o
                0x0000000020000238                RxData
 .bss.can_open  0x0000000020000240        0x1 ./Core/Src/main.o
                0x0000000020000240                can_open
 *fill*         0x0000000020000241        0x3 
 .bss.slcan_rx_buffer
                0x0000000020000244       0x20 ./Core/Src/main.o
                0x0000000020000244                slcan_rx_buffer
 .bss.slcan_rx_len
                0x0000000020000264        0x1 ./Core/Src/main.o
                0x0000000020000264                slcan_rx_len
 *fill*         0x0000000020000265        0x3 
 .bss.__sbrk_heap_end
                0x0000000020000268        0x4 ./Core/Src/sysmem.o
 .bss.uwTick    0x000000002000026c        0x4 ./Drivers/STM32F3xx_HAL_Driver/stm32f3xx_hal.o
                0x000000002000026c                uwTick
 .bss.cfgidx.0  0x0000000020000270        0x1 ./Middlewares/USB_Device_Library/usbd_ctlreq.o
 *fill*         0x0000000020000271        0x3 
 .bss.hUsbDeviceFS
                0x0000000020000274      0x2c4 ./USB_DEVICE/App/usb_device.o
                0x0000000020000274                hUsbDeviceFS
 .bss.UserRxBufferFS
                0x0000000020000538      0x400 ./USB_DEVICE/App/usbd_cdc_if.o
                0x0000000020000538                UserRxBufferFS
 .bss.UserTxBufferFS
                0x0000000020000938      0x400 ./USB_DEVICE/App/usbd_cdc_if.o
                0x0000000020000938                UserTxBufferFS
 .bss.USBD_StrDesc
                0x0000000020000d38      0x200 ./USB_DEVICE/App/usbd_desc.o
                0x0000000020000d38                USBD_StrDesc
 .bss.hpcd_USB_FS
                0x0000000020000f38      0x2d4 ./USB_DEVICE/Target/usbd_conf.o
                0x0000000020000f38                hpcd_USB_FS
 .bss.mem.0     0x000000002000120c      0x220 ./USB_DEVICE/Target/usbd_conf.o
 .bss.__sf      0x000000002000142c      0x138 D:/STM/STM32CubeIDE_1.13.0/STM32CubeIDE/plugins/com.st.stm32cube.ide.mcu.externaltools.gnu-tools-for-stm32.11.3.rel1.win32_1.1.0.202305231506/tools/bin/../lib/gcc/arm-none-eabi/11.3.1/../../../../arm-none-eabi/lib/thumb/v7e-m+fp/hard\libc_nano.a(libc_a-findfp.o)
                0x000000002000142c                __sf
 .bss.__stdio_exit_handler
                0x0000000020001564        0x4 D:/STM/STM32CubeIDE_1.13.0/STM32CubeIDE/plugins/com.st.stm32cube.ide.mcu.externaltools.gnu-tools-for-stm32.11.3.rel1.win32_1.1.0.202305231506/tools/bin/../lib/gcc/arm-none-eabi/11.3.1/../../../../arm-none-eabi/lib/thumb/v7e-m+fp/hard\libc_nano.a(libc_a-findfp.o)
                0x0000000020001564                __stdio_exit_handler
 .bss.errno     0x0000000020001568        0x4 D:/STM/STM32CubeIDE_1.13.0/STM32CubeIDE/plugins/com.st.stm32cube.ide.mcu.externaltools.gnu-tools-for-stm32.11.3.rel1.win32_1.1.0.202305231506/tools/bin/../lib/gcc/arm-none-eabi/11.3.1/../../../../arm-none-eabi/lib/thumb/v7e-m+fp/hard\libc_nano.a(libc_a-reent.o)
                0x0000000020001568                errno
 .bss.__lock___malloc_recursive_mutex
                0x000000002000156c        0x1 D:/STM/STM32CubeIDE_1.13.0/STM32CubeIDE/plugins/com.st.stm32cube.ide.mcu.externaltools.gnu-tools-for-stm32.11.3.rel1.win32_1.1.0.202305231506/tools/bin/../lib/gcc/arm-none-eabi/11.3.1/../../../../arm-none-eabi/lib/thumb/v7e-m+fp/hard\libc_nano.a(libc_a-lock.o)
                0x000000002000156c                __lock___malloc_recursive_mutex
 .bss.__lock___sfp_recursive_mutex
                0x000000002000156d        0x1 D:/STM/STM32CubeIDE_1.13.0/STM32CubeIDE/plugins/com.st.stm32cube.ide.mcu.externaltools.gnu-tools-for-stm32.11.3.rel1.win32_1.1.0.202305231506/tools/bin/../lib/gcc/arm-none-eabi/11.3.1/../../../../arm-none-eabi/lib/thumb/v7e-m+fp/hard\libc_nano.a(libc_a-lock.o)
                0x000000002000156d                __lock___sfp_recursive_mutex
 *fill*         0x000000002000156e        0x2 
 .bss.__malloc_free_list
                0x0000000020001570        0x4 D:/STM/STM32CubeIDE_1.13.0/STM32CubeIDE/plugins/com.st.stm32cube.ide.mcu.externaltools.gnu-tools-for-stm32.11.3.rel1.win32_1.1.0.202305231506/tools/bin/../lib/gcc/arm-none-eabi/11.3.1/../../../../arm-none-eabi/lib/thumb/v7e-m+fp/hard\libc_nano.a(libc_a-mallocr.o)
                0x0000000020001570                __malloc_free_list
 .bss.__malloc_sbrk_start
                0x0000000020001574        0x4 D:/STM/STM32CubeIDE_1.13.0/STM32CubeIDE/plugins/com.st.stm32cube.ide.mcu.externaltools.gnu-tools-for-stm32.11.3.rel1.win32_1.1.0.202305231506/tools/bin/../lib/gcc/arm-none-eabi/11.3.1/../../../../arm-none-eabi/lib/thumb/v7e-m+fp/hard\libc_nano.a(libc_a-mallocr.o)
                0x0000000020001574                __malloc_sbrk_start
 *(COMMON)
                0x0000000020001578                . = ALIGN (0x4)
                0x0000000020001578                _ebss = .
                0x0000000020001578                __bss_end__ = _ebss

._user_heap_stack
                0x0000000020001578      0x600
                0x0000000020001578                . = ALIGN (0x8)
                [!provide]                        PROVIDE (end = .)
                0x0000000020001578                PROVIDE (_end = .)
                0x0000000020001778                . = (. + _Min_Heap_Size)
 *fill*         0x0000000020001578      0x200 
                0x0000000020001b78                . = (. + _Min_Stack_Size)
 *fill*         0x0000000020001778      0x400 
                0x0000000020001b78                . = ALIGN (0x8)

/DISCARD/
 libc.a(*)
 libm.a(*)
 libgcc.a(*)

.ARM.attributes
                0x0000000000000000       0x30
 *(.ARM.attributes)
 .ARM.attributes
                0x0000000000000000       0x1e D:/STM/STM32CubeIDE_1.13.0/STM32CubeIDE/plugins/com.st.stm32cube.ide.mcu.externaltools.gnu-tools-for-stm32.11.3.rel1.win32_1.1.0.202305231506/tools/bin/../lib/gcc/arm-none-eabi/11.3.1/thumb/v7e-m+fp/hard/crti.o
 .ARM.attributes
                0x000000000000001e       0x34 D:/STM/STM32CubeIDE_1.13.0/STM32CubeIDE/plugins/com.st.stm32cube.ide.mcu.externaltools.gnu-tools-for-stm32.11.3.rel1.win32_1.1.0.202305231506/tools/bin/../lib/gcc/arm-none-eabi/11.3.1/thumb/v7e-m+fp/hard/crtbegin.o
 .ARM.attributes
                0x0000000000000052       0x34 ./Core/Src/main.o
 .ARM.attributes
                0x0000000000000086       0x34 ./Core/Src/stm32f3xx_hal_msp.o
 .ARM.attributes
                0x00000000000000ba       0x34 ./Core/Src/stm32f3xx_it.o
 .ARM.attributes
                0x00000000000000ee       0x34 ./Core/Src/syscalls.o
 .ARM.attributes
                0x0000000000000122       0x34 ./Core/Src/sysmem.o
 .ARM.attributes
                0x0000000000000156       0x34 ./Core/Src/system_stm32f3xx.o
 .ARM.attributes
                0x000000000000018a       0x21 ./Core/Startup/startup_stm32f303cctx.o
 .ARM.attributes
                0x00000000000001ab       0x34 ./Drivers/STM32F3xx_HAL_Driver/stm32f3xx_hal.o
 .ARM.attributes
                0x00000000000001df       0x34 ./Drivers/STM32F3xx_HAL_Driver/stm32f3xx_hal_can.o
 .ARM.attributes
                0x0000000000000213       0x34 ./Drivers/STM32F3xx_HAL_Driver/stm32f3xx_hal_cortex.o
 .ARM.attributes
                0x0000000000000247       0x34 ./Drivers/STM32F3xx_HAL_Driver/stm32f3xx_hal_gpio.o
 .ARM.attributes
                0x000000000000027b       0x34 ./Drivers/STM32F3xx_HAL_Driver/stm32f3xx_hal_pcd.o
 .ARM.attributes
                0x00000000000002af       0x34 ./Drivers/STM32F3xx_HAL_Driver/stm32f3xx_hal_pcd_ex.o
 .ARM.attributes
                0x00000000000002e3       0x34 ./Drivers/STM32F3xx_HAL_Driver/stm32f3xx_hal_rcc.o
 .ARM.attributes
                0x0000000000000317       0x34 ./Drivers/STM32F3xx_HAL_Driver/stm32f3xx_hal_rcc_ex.o
 .ARM.attributes
                0x000000000000034b       0x34 ./Drivers/STM32F3xx_HAL_Driver/stm32f3xx_ll_usb.o
 .ARM.attributes
                0x000000000000037f       0x34 ./Middlewares/USB_Device_Library/usbd_cdc.o
 .ARM.attributes
                0x00000000000003b3       0x34 ./Middlewares/USB_Device_Library/usbd_core.o
 .ARM.attributes
                0x00000000000003e7       0x34 ./Middlewares/USB_Device_Library/usbd_ctlreq.o
 .ARM.attributes
                0x000000000000041b       0x34 ./Middlewares/USB_Device_Library/usbd_ioreq.o
 .ARM.attributes
                0x000000000000044f       0x34 ./USB_DEVICE/App/usb_device.o
 .ARM.attributes
                0x0000000000000483       0x34 ./USB_DEVICE/App/usbd_cdc_if.o
 .ARM.attributes
                0x00000000000004b7       0x34 ./USB_DEVICE/App/usbd_desc.o
 .ARM.attributes
                0x00000000000004eb       0x34 ./USB_DEVICE/Target/usbd_conf.o
 .ARM.attributes
                0x000000000000051f       0x34 D:/STM/STM32CubeIDE_1.13.0/STM32CubeIDE/plugins/com.st.stm32cube.ide.mcu.externaltools.gnu-tools-for-stm32.11.3.rel1.win32_1.1.0.202305231506/tools/bin/../lib/gcc/arm-none-eabi/11.3.1/../../../../arm-none-eabi/lib/thumb/v7e-m+fp/hard\libc_nano.a(libc_a-strtol.o)
 .ARM.attributes
                0x0000000000000553       0x34 D:/STM/STM32CubeIDE_1.13.0/STM32CubeIDE/plugins/com.st.stm32cube.ide.mcu.externaltools.gnu-tools-for-stm32.11.3.rel1.win32_1.1.0.202305231506/tools/bin/../lib/gcc/arm-none-eabi/11.3.1/../../../../arm-none-eabi/lib/thumb/v7e-m+fp/hard\libc_nano.a(libc_a-ctype_.o)
 .ARM.attributes
                0x0000000000000587       0x34 D:/STM/STM32CubeIDE_1.13.0/STM32CubeIDE/plugins/com.st.stm32cube.ide.mcu.externaltools.gnu-tools-for-stm32.11.3.rel1.win32_1.1.0.202305231506/tools/bin/../lib/gcc/arm-none-eabi/11.3.1/../../../../arm-none-eabi/lib/thumb/v7e-m+fp/hard\libc_nano.a(libc_a-findfp.o)
 .ARM.attributes
                0x00000000000005bb       0x34 D:/STM/STM32CubeIDE_1.13.0/STM32CubeIDE/plugins/com.st.stm32cube.ide.mcu.externaltools.gnu-tools-for-stm32.11.3.rel1.win32_1.1.0.202305231506/tools/bin/../lib/gcc/arm-none-eabi/11.3.1/../../../../arm-none-eabi/lib/thumb/v7e-m+fp/hard\libc_nano.a(libc_a-fwalk.o)
 .ARM.attributes
                0x00000000000005ef       0x34 D:/STM/STM32CubeIDE_1.13.0/STM32CubeIDE/plugins/com.st.stm32cube.ide.mcu.externaltools.gnu-tools-for-stm32.11.3.rel1.win32_1.1.0.202305231506/tools/bin/../lib/gcc/arm-none-eabi/11.3.1/../../../../arm-none-eabi/lib/thumb/v7e-m+fp/hard\libc_nano.a(libc_a-printf.o)
 .ARM.attributes
                0x0000000000000623       0x34 D:/STM/STM32CubeIDE_1.13.0/STM32CubeIDE/plugins/com.st.stm32cube.ide.mcu.externaltools.gnu-tools-for-stm32.11.3.rel1.win32_1.1.0.202305231506/tools/bin/../lib/gcc/arm-none-eabi/11.3.1/../../../../arm-none-eabi/lib/thumb/v7e-m+fp/hard\libc_nano.a(libc_a-putchar.o)
 .ARM.attributes
                0x0000000000000657       0x34 D:/STM/STM32CubeIDE_1.13.0/STM32CubeIDE/plugins/com.st.stm32cube.ide.mcu.externaltools.gnu-tools-for-stm32.11.3.rel1.win32_1.1.0.202305231506/tools/bin/../lib/gcc/arm-none-eabi/11.3.1/../../../../arm-none-eabi/lib/thumb/v7e-m+fp/hard\libc_nano.a(libc_a-sprintf.o)
 .ARM.attributes
                0x000000000000068b       0x34 D:/STM/STM32CubeIDE_1.13.0/STM32CubeIDE/plugins/com.st.stm32cube.ide.mcu.externaltools.gnu-tools-for-stm32.11.3.rel1.win32_1.1.0.202305231506/tools/bin/../lib/gcc/arm-none-eabi/11.3.1/../../../../arm-none-eabi/lib/thumb/v7e-m+fp/hard\libc_nano.a(libc_a-stdio.o)
 .ARM.attributes
                0x00000000000006bf       0x34 D:/STM/STM32CubeIDE_1.13.0/STM32CubeIDE/plugins/com.st.stm32cube.ide.mcu.externaltools.gnu-tools-for-stm32.11.3.rel1.win32_1.1.0.202305231506/tools/bin/../lib/gcc/arm-none-eabi/11.3.1/../../../../arm-none-eabi/lib/thumb/v7e-m+fp/hard\libc_nano.a(libc_a-memset.o)
 .ARM.attributes
                0x00000000000006f3       0x34 D:/STM/STM32CubeIDE_1.13.0/STM32CubeIDE/plugins/com.st.stm32cube.ide.mcu.externaltools.gnu-tools-for-stm32.11.3.rel1.win32_1.1.0.202305231506/tools/bin/../lib/gcc/arm-none-eabi/11.3.1/../../../../arm-none-eabi/lib/thumb/v7e-m+fp/hard\libc_nano.a(libc_a-closer.o)
 .ARM.attributes
                0x0000000000000727       0x34 D:/STM/STM32CubeIDE_1.13.0/STM32CubeIDE/plugins/com.st.stm32cube.ide.mcu.externaltools.gnu-tools-for-stm32.11.3.rel1.win32_1.1.0.202305231506/tools/bin/../lib/gcc/arm-none-eabi/11.3.1/../../../../arm-none-eabi/lib/thumb/v7e-m+fp/hard\libc_nano.a(libc_a-reent.o)
 .ARM.attributes
                0x000000000000075b       0x34 D:/STM/STM32CubeIDE_1.13.0/STM32CubeIDE/plugins/com.st.stm32cube.ide.mcu.externaltools.gnu-tools-for-stm32.11.3.rel1.win32_1.1.0.202305231506/tools/bin/../lib/gcc/arm-none-eabi/11.3.1/../../../../arm-none-eabi/lib/thumb/v7e-m+fp/hard\libc_nano.a(libc_a-impure.o)
 .ARM.attributes
                0x000000000000078f       0x34 D:/STM/STM32CubeIDE_1.13.0/STM32CubeIDE/plugins/com.st.stm32cube.ide.mcu.externaltools.gnu-tools-for-stm32.11.3.rel1.win32_1.1.0.202305231506/tools/bin/../lib/gcc/arm-none-eabi/11.3.1/../../../../arm-none-eabi/lib/thumb/v7e-m+fp/hard\libc_nano.a(libc_a-lseekr.o)
 .ARM.attributes
                0x00000000000007c3       0x34 D:/STM/STM32CubeIDE_1.13.0/STM32CubeIDE/plugins/com.st.stm32cube.ide.mcu.externaltools.gnu-tools-for-stm32.11.3.rel1.win32_1.1.0.202305231506/tools/bin/../lib/gcc/arm-none-eabi/11.3.1/../../../../arm-none-eabi/lib/thumb/v7e-m+fp/hard\libc_nano.a(libc_a-readr.o)
 .ARM.attributes
                0x00000000000007f7       0x34 D:/STM/STM32CubeIDE_1.13.0/STM32CubeIDE/plugins/com.st.stm32cube.ide.mcu.externaltools.gnu-tools-for-stm32.11.3.rel1.win32_1.1.0.202305231506/tools/bin/../lib/gcc/arm-none-eabi/11.3.1/../../../../arm-none-eabi/lib/thumb/v7e-m+fp/hard\libc_nano.a(libc_a-writer.o)
 .ARM.attributes
                0x000000000000082b       0x34 D:/STM/STM32CubeIDE_1.13.0/STM32CubeIDE/plugins/com.st.stm32cube.ide.mcu.externaltools.gnu-tools-for-stm32.11.3.rel1.win32_1.1.0.202305231506/tools/bin/../lib/gcc/arm-none-eabi/11.3.1/../../../../arm-none-eabi/lib/thumb/v7e-m+fp/hard\libc_nano.a(libc_a-errno.o)
 .ARM.attributes
                0x000000000000085f       0x34 D:/STM/STM32CubeIDE_1.13.0/STM32CubeIDE/plugins/com.st.stm32cube.ide.mcu.externaltools.gnu-tools-for-stm32.11.3.rel1.win32_1.1.0.202305231506/tools/bin/../lib/gcc/arm-none-eabi/11.3.1/../../../../arm-none-eabi/lib/thumb/v7e-m+fp/hard\libc_nano.a(libc_a-init.o)
 .ARM.attributes
                0x0000000000000893       0x34 D:/STM/STM32CubeIDE_1.13.0/STM32CubeIDE/plugins/com.st.stm32cube.ide.mcu.externaltools.gnu-tools-for-stm32.11.3.rel1.win32_1.1.0.202305231506/tools/bin/../lib/gcc/arm-none-eabi/11.3.1/../../../../arm-none-eabi/lib/thumb/v7e-m+fp/hard\libc_nano.a(libc_a-lock.o)
 .ARM.attributes
                0x00000000000008c7       0x34 D:/STM/STM32CubeIDE_1.13.0/STM32CubeIDE/plugins/com.st.stm32cube.ide.mcu.externaltools.gnu-tools-for-stm32.11.3.rel1.win32_1.1.0.202305231506/tools/bin/../lib/gcc/arm-none-eabi/11.3.1/../../../../arm-none-eabi/lib/thumb/v7e-m+fp/hard\libc_nano.a(libc_a-memcpy-stub.o)
 .ARM.attributes
                0x00000000000008fb       0x34 D:/STM/STM32CubeIDE_1.13.0/STM32CubeIDE/plugins/com.st.stm32cube.ide.mcu.externaltools.gnu-tools-for-stm32.11.3.rel1.win32_1.1.0.202305231506/tools/bin/../lib/gcc/arm-none-eabi/11.3.1/../../../../arm-none-eabi/lib/thumb/v7e-m+fp/hard\libc_nano.a(libc_a-freer.o)
 .ARM.attributes
                0x000000000000092f       0x34 D:/STM/STM32CubeIDE_1.13.0/STM32CubeIDE/plugins/com.st.stm32cube.ide.mcu.externaltools.gnu-tools-for-stm32.11.3.rel1.win32_1.1.0.202305231506/tools/bin/../lib/gcc/arm-none-eabi/11.3.1/../../../../arm-none-eabi/lib/thumb/v7e-m+fp/hard\libc_nano.a(libc_a-mallocr.o)
 .ARM.attributes